[0.007s] Invoking command in '/home/shishir/origami/ros2_ws/build/ur_simulation_gazebo': AMENT_PREFIX_PATH=/home/shishir/origami/ros2_ws/install/ur_description:${AMENT_PREFIX_PATH} CMAKE_PREFIX_PATH=/home/shishir/origami/ros2_ws/install/ur_description:/opt/ros/humble /usr/bin/cmake /home/shishir/origami/ros2_ws/src/Universal_Robots_ROS2_Gazebo_Simulation/ur_simulation_gazebo -DCMAKE_INSTALL_PREFIX=/home/shishir/origami/ros2_ws/install/ur_simulation_gazebo
[0.020s] -- Found ament_cmake: 1.3.12 (/opt/ros/humble/share/ament_cmake/cmake)
[0.142s] -- Override CMake install command with custom implementation using symlinks instead of copying resources
[0.151s] -- Found launch_testing_ament_cmake: 1.0.13 (/opt/ros/humble/share/launch_testing_ament_cmake/cmake)
[0.152s] -- Found python_cmake_module: 0.10.0 (/opt/ros/humble/share/python_cmake_module/cmake)
[0.178s] -- Using PYTHON_EXECUTABLE: /usr/bin/python3
[0.178s] -- Using PYTHON_INCLUDE_DIRS: /usr/include/python3.10
[0.178s] -- Using PYTHON_LIBRARIES: /usr/lib/x86_64-linux-gnu/libpython3.10.so
[0.179s] -- Found ament_cmake_pytest: 1.3.12 (/opt/ros/humble/share/ament_cmake_pytest/cmake)
[0.273s] -- Configuring done
[0.276s] -- Generating done
[0.279s] -- Build files have been written to: /home/shishir/origami/ros2_ws/build/ur_simulation_gazebo
[0.283s] Invoked command in '/home/shishir/origami/ros2_ws/build/ur_simulation_gazebo' returned '0': AMENT_PREFIX_PATH=/home/shishir/origami/ros2_ws/install/ur_description:${AMENT_PREFIX_PATH} CMAKE_PREFIX_PATH=/home/shishir/origami/ros2_ws/install/ur_description:/opt/ros/humble /usr/bin/cmake /home/shishir/origami/ros2_ws/src/Universal_Robots_ROS2_Gazebo_Simulation/ur_simulation_gazebo -DCMAKE_INSTALL_PREFIX=/home/shishir/origami/ros2_ws/install/ur_simulation_gazebo
[0.284s] Invoking command in '/home/shishir/origami/ros2_ws/build/ur_simulation_gazebo': AMENT_PREFIX_PATH=/home/shishir/origami/ros2_ws/install/ur_description:${AMENT_PREFIX_PATH} CMAKE_PREFIX_PATH=/home/shishir/origami/ros2_ws/install/ur_description:/opt/ros/humble /usr/bin/cmake --build /home/shishir/origami/ros2_ws/build/ur_simulation_gazebo -- -j8 -l8
[0.320s] Invoked command in '/home/shishir/origami/ros2_ws/build/ur_simulation_gazebo' returned '0': AMENT_PREFIX_PATH=/home/shishir/origami/ros2_ws/install/ur_description:${AMENT_PREFIX_PATH} CMAKE_PREFIX_PATH=/home/shishir/origami/ros2_ws/install/ur_description:/opt/ros/humble /usr/bin/cmake --build /home/shishir/origami/ros2_ws/build/ur_simulation_gazebo -- -j8 -l8
[0.321s] Invoking command in '/home/shishir/origami/ros2_ws/build/ur_simulation_gazebo': AMENT_PREFIX_PATH=/home/shishir/origami/ros2_ws/install/ur_description:${AMENT_PREFIX_PATH} CMAKE_PREFIX_PATH=/home/shishir/origami/ros2_ws/install/ur_description:/opt/ros/humble /usr/bin/cmake --install /home/shishir/origami/ros2_ws/build/ur_simulation_gazebo
[0.329s] -- Install configuration: ""
[0.329s] -- Execute custom install script
[0.330s] -- Up-to-date symlink: /home/shishir/origami/ros2_ws/install/ur_simulation_gazebo/share/ur_simulation_gazebo/config/ur_controllers.yaml
[0.330s] -- Up-to-date symlink: /home/shishir/origami/ros2_ws/install/ur_simulation_gazebo/share/ur_simulation_gazebo/launch/ur_sim_control.launch.py
[0.330s] -- Up-to-date symlink: /home/shishir/origami/ros2_ws/install/ur_simulation_gazebo/share/ur_simulation_gazebo/launch/ur_sim_moveit.launch.py
[0.330s] -- Up-to-date symlink: /home/shishir/origami/ros2_ws/install/ur_simulation_gazebo/share/ament_index/resource_index/package_run_dependencies/ur_simulation_gazebo
[0.330s] -- Up-to-date symlink: /home/shishir/origami/ros2_ws/install/ur_simulation_gazebo/share/ament_index/resource_index/parent_prefix_path/ur_simulation_gazebo
[0.331s] -- Up-to-date symlink: /home/shishir/origami/ros2_ws/install/ur_simulation_gazebo/share/ur_simulation_gazebo/environment/ament_prefix_path.sh
[0.331s] -- Up-to-date symlink: /home/shishir/origami/ros2_ws/install/ur_simulation_gazebo/share/ur_simulation_gazebo/environment/ament_prefix_path.dsv
[0.331s] -- Up-to-date symlink: /home/shishir/origami/ros2_ws/install/ur_simulation_gazebo/share/ur_simulation_gazebo/environment/path.sh
[0.331s] -- Up-to-date symlink: /home/shishir/origami/ros2_ws/install/ur_simulation_gazebo/share/ur_simulation_gazebo/environment/path.dsv
[0.331s] -- Up-to-date symlink: /home/shishir/origami/ros2_ws/install/ur_simulation_gazebo/share/ur_simulation_gazebo/local_setup.bash
[0.332s] -- Up-to-date symlink: /home/shishir/origami/ros2_ws/install/ur_simulation_gazebo/share/ur_simulation_gazebo/local_setup.sh
[0.332s] -- Up-to-date symlink: /home/shishir/origami/ros2_ws/install/ur_simulation_gazebo/share/ur_simulation_gazebo/local_setup.zsh
[0.332s] -- Up-to-date symlink: /home/shishir/origami/ros2_ws/install/ur_simulation_gazebo/share/ur_simulation_gazebo/local_setup.dsv
[0.332s] -- Symlinking: /home/shishir/origami/ros2_ws/install/ur_simulation_gazebo/share/ur_simulation_gazebo/package.dsv
[0.341s] -- Up-to-date symlink: /home/shishir/origami/ros2_ws/install/ur_simulation_gazebo/share/ament_index/resource_index/packages/ur_simulation_gazebo
[0.341s] -- Up-to-date symlink: /home/shishir/origami/ros2_ws/install/ur_simulation_gazebo/share/ur_simulation_gazebo/cmake/ur_simulation_gazeboConfig.cmake
[0.341s] -- Up-to-date symlink: /home/shishir/origami/ros2_ws/install/ur_simulation_gazebo/share/ur_simulation_gazebo/cmake/ur_simulation_gazeboConfig-version.cmake
[0.341s] -- Up-to-date symlink: /home/shishir/origami/ros2_ws/install/ur_simulation_gazebo/share/ur_simulation_gazebo/package.xml
[0.344s] Invoked command in '/home/shishir/origami/ros2_ws/build/ur_simulation_gazebo' returned '0': AMENT_PREFIX_PATH=/home/shishir/origami/ros2_ws/install/ur_description:${AMENT_PREFIX_PATH} CMAKE_PREFIX_PATH=/home/shishir/origami/ros2_ws/install/ur_description:/opt/ros/humble /usr/bin/cmake --install /home/shishir/origami/ros2_ws/build/ur_simulation_gazebo
