[0.063s] Invoking command in '/home/shishir/origami/ros2_ws/build/ur_simulation_gazebo': AMENT_PREFIX_PATH=/home/shishir/origami/ros2_ws/install/ur_description:${AMENT_PREFIX_PATH} CMAKE_PREFIX_PATH=/home/shishir/origami/ros2_ws/install/ur_description:/home/shishir/origami/install/ur_simulation_gazebo:/home/shishir/origami/install/ur_description:/home/shishir/origami_ws/install/origami_ros:/opt/ros/humble /usr/bin/cmake --build /home/shishir/origami/ros2_ws/build/ur_simulation_gazebo -- -j8 -l8
[0.263s] Invoked command in '/home/shishir/origami/ros2_ws/build/ur_simulation_gazebo' returned '0': AMENT_PREFIX_PATH=/home/shishir/origami/ros2_ws/install/ur_description:${AMENT_PREFIX_PATH} CMAKE_PREFIX_PATH=/home/shishir/origami/ros2_ws/install/ur_description:/home/shishir/origami/install/ur_simulation_gazebo:/home/shishir/origami/install/ur_description:/home/shishir/origami_ws/install/origami_ros:/opt/ros/humble /usr/bin/cmake --build /home/shishir/origami/ros2_ws/build/ur_simulation_gazebo -- -j8 -l8
[0.271s] Invoking command in '/home/shishir/origami/ros2_ws/build/ur_simulation_gazebo': AMENT_PREFIX_PATH=/home/shishir/origami/ros2_ws/install/ur_description:${AMENT_PREFIX_PATH} CMAKE_PREFIX_PATH=/home/shishir/origami/ros2_ws/install/ur_description:/home/shishir/origami/install/ur_simulation_gazebo:/home/shishir/origami/install/ur_description:/home/shishir/origami_ws/install/origami_ros:/opt/ros/humble /usr/bin/cmake --install /home/shishir/origami/ros2_ws/build/ur_simulation_gazebo
[0.312s] -- Install configuration: ""
[0.314s] -- Execute custom install script
[0.317s] -- Up-to-date symlink: /home/shishir/origami/ros2_ws/install/ur_simulation_gazebo/share/ur_simulation_gazebo/config/ur_controllers.yaml
[0.319s] -- Up-to-date symlink: /home/shishir/origami/ros2_ws/install/ur_simulation_gazebo/share/ur_simulation_gazebo/launch/ur_sim_control.launch.py
[0.320s] -- Up-to-date symlink: /home/shishir/origami/ros2_ws/install/ur_simulation_gazebo/share/ur_simulation_gazebo/launch/ur_sim_moveit.launch.py
[0.321s] -- Up-to-date symlink: /home/shishir/origami/ros2_ws/install/ur_simulation_gazebo/share/ament_index/resource_index/package_run_dependencies/ur_simulation_gazebo
[0.322s] -- Up-to-date symlink: /home/shishir/origami/ros2_ws/install/ur_simulation_gazebo/share/ament_index/resource_index/parent_prefix_path/ur_simulation_gazebo
[0.324s] -- Up-to-date symlink: /home/shishir/origami/ros2_ws/install/ur_simulation_gazebo/share/ur_simulation_gazebo/environment/ament_prefix_path.sh
[0.327s] -- Up-to-date symlink: /home/shishir/origami/ros2_ws/install/ur_simulation_gazebo/share/ur_simulation_gazebo/environment/ament_prefix_path.dsv
[0.330s] -- Up-to-date symlink: /home/shishir/origami/ros2_ws/install/ur_simulation_gazebo/share/ur_simulation_gazebo/environment/path.sh
[0.331s] -- Up-to-date symlink: /home/shishir/origami/ros2_ws/install/ur_simulation_gazebo/share/ur_simulation_gazebo/environment/path.dsv
[0.333s] -- Up-to-date symlink: /home/shishir/origami/ros2_ws/install/ur_simulation_gazebo/share/ur_simulation_gazebo/local_setup.bash
[0.334s] -- Up-to-date symlink: /home/shishir/origami/ros2_ws/install/ur_simulation_gazebo/share/ur_simulation_gazebo/local_setup.sh
[0.335s] -- Up-to-date symlink: /home/shishir/origami/ros2_ws/install/ur_simulation_gazebo/share/ur_simulation_gazebo/local_setup.zsh
[0.337s] -- Up-to-date symlink: /home/shishir/origami/ros2_ws/install/ur_simulation_gazebo/share/ur_simulation_gazebo/local_setup.dsv
[0.338s] -- Symlinking: /home/shishir/origami/ros2_ws/install/ur_simulation_gazebo/share/ur_simulation_gazebo/package.dsv
[0.390s] -- Up-to-date symlink: /home/shishir/origami/ros2_ws/install/ur_simulation_gazebo/share/ament_index/resource_index/packages/ur_simulation_gazebo
[0.391s] -- Up-to-date symlink: /home/shishir/origami/ros2_ws/install/ur_simulation_gazebo/share/ur_simulation_gazebo/cmake/ur_simulation_gazeboConfig.cmake
[0.392s] -- Up-to-date symlink: /home/shishir/origami/ros2_ws/install/ur_simulation_gazebo/share/ur_simulation_gazebo/cmake/ur_simulation_gazeboConfig-version.cmake
[0.395s] -- Up-to-date symlink: /home/shishir/origami/ros2_ws/install/ur_simulation_gazebo/share/ur_simulation_gazebo/package.xml
[0.406s] Invoked command in '/home/shishir/origami/ros2_ws/build/ur_simulation_gazebo' returned '0': AMENT_PREFIX_PATH=/home/shishir/origami/ros2_ws/install/ur_description:${AMENT_PREFIX_PATH} CMAKE_PREFIX_PATH=/home/shishir/origami/ros2_ws/install/ur_description:/home/shishir/origami/install/ur_simulation_gazebo:/home/shishir/origami/install/ur_description:/home/shishir/origami_ws/install/origami_ros:/opt/ros/humble /usr/bin/cmake --install /home/shishir/origami/ros2_ws/build/ur_simulation_gazebo
