[0.011s] Invoking command in '/home/shishir/origami/ros2_ws/build/ur_simulation_gazebo': CMAKE_PREFIX_PATH=/home/shishir/origami/ros2_ws/install/ur_description:/home/shishir/origami/install/ur_simulation_gazebo:/home/shishir/origami/install/ur_description:/home/shishir/origami/ros2_ws/install/ur_simulation_gazebo:/opt/ros/humble /usr/bin/cmake /home/shishir/origami/ros2_ws/src/Universal_Robots_ROS2_Gazebo_Simulation/ur_simulation_gazebo -DAMENT_CMAKE_SYMLINK_INSTALL=1 -DCMAKE_INSTALL_PREFIX=/home/shishir/origami/ros2_ws/install/ur_simulation_gazebo
[0.092s] -- The C compiler identification is GNU 11.4.0
[0.176s] -- The CXX compiler identification is GNU 11.4.0
[0.187s] -- Detecting C compiler ABI info
[0.270s] -- Detecting C compiler ABI info - done
[0.281s] -- Check for working C compiler: /usr/bin/cc - skipped
[0.281s] -- Detecting C compile features
[0.282s] -- Detecting C compile features - done
[0.286s] -- Detecting CXX compiler ABI info
[0.385s] -- Detecting CXX compiler ABI info - done
[0.394s] -- Check for working CXX compiler: /usr/bin/c++ - skipped
[0.395s] -- Detecting CXX compile features
[0.396s] -- Detecting CXX compile features - done
[0.399s] -- Found ament_cmake: 1.3.12 (/opt/ros/humble/share/ament_cmake/cmake)
[0.559s] -- Found Python3: /usr/bin/python3 (found version "3.10.12") found components: Interpreter 
[0.624s] -- Override CMake install command with custom implementation using symlinks instead of copying resources
[0.658s] -- Found launch_testing_ament_cmake: 1.0.13 (/opt/ros/humble/share/launch_testing_ament_cmake/cmake)
[0.661s] -- Found python_cmake_module: 0.10.0 (/opt/ros/humble/share/python_cmake_module/cmake)
[0.683s] -- Found PythonInterp: /usr/bin/python3 (found suitable version "3.10.12", minimum required is "3.6") 
[0.700s] -- Found PythonLibs: /usr/lib/x86_64-linux-gnu/libpython3.10.so (found suitable version "3.10.12", minimum required is "3.5") 
[0.700s] -- Using PYTHON_EXECUTABLE: /usr/bin/python3
[0.701s] -- Using PYTHON_INCLUDE_DIRS: /usr/include/python3.10
[0.701s] -- Using PYTHON_LIBRARIES: /usr/lib/x86_64-linux-gnu/libpython3.10.so
[0.723s] -- Found PythonExtra: .so  
[0.725s] -- Found ament_cmake_pytest: 1.3.12 (/opt/ros/humble/share/ament_cmake_pytest/cmake)
[0.826s] -- Configuring done
[0.828s] -- Generating done
[0.830s] -- Build files have been written to: /home/shishir/origami/ros2_ws/build/ur_simulation_gazebo
[0.835s] Invoked command in '/home/shishir/origami/ros2_ws/build/ur_simulation_gazebo' returned '0': CMAKE_PREFIX_PATH=/home/shishir/origami/ros2_ws/install/ur_description:/home/shishir/origami/install/ur_simulation_gazebo:/home/shishir/origami/install/ur_description:/home/shishir/origami/ros2_ws/install/ur_simulation_gazebo:/opt/ros/humble /usr/bin/cmake /home/shishir/origami/ros2_ws/src/Universal_Robots_ROS2_Gazebo_Simulation/ur_simulation_gazebo -DAMENT_CMAKE_SYMLINK_INSTALL=1 -DCMAKE_INSTALL_PREFIX=/home/shishir/origami/ros2_ws/install/ur_simulation_gazebo
[0.837s] Invoking command in '/home/shishir/origami/ros2_ws/build/ur_simulation_gazebo': CMAKE_PREFIX_PATH=/home/shishir/origami/ros2_ws/install/ur_description:/home/shishir/origami/install/ur_simulation_gazebo:/home/shishir/origami/install/ur_description:/home/shishir/origami/ros2_ws/install/ur_simulation_gazebo:/opt/ros/humble /usr/bin/cmake --build /home/shishir/origami/ros2_ws/build/ur_simulation_gazebo -- -j8 -l8
[0.875s] Invoked command in '/home/shishir/origami/ros2_ws/build/ur_simulation_gazebo' returned '0': CMAKE_PREFIX_PATH=/home/shishir/origami/ros2_ws/install/ur_description:/home/shishir/origami/install/ur_simulation_gazebo:/home/shishir/origami/install/ur_description:/home/shishir/origami/ros2_ws/install/ur_simulation_gazebo:/opt/ros/humble /usr/bin/cmake --build /home/shishir/origami/ros2_ws/build/ur_simulation_gazebo -- -j8 -l8
[0.877s] Invoking command in '/home/shishir/origami/ros2_ws/build/ur_simulation_gazebo': CMAKE_PREFIX_PATH=/home/shishir/origami/ros2_ws/install/ur_description:/home/shishir/origami/install/ur_simulation_gazebo:/home/shishir/origami/install/ur_description:/home/shishir/origami/ros2_ws/install/ur_simulation_gazebo:/opt/ros/humble /usr/bin/cmake --install /home/shishir/origami/ros2_ws/build/ur_simulation_gazebo
[0.884s] -- Install configuration: ""
[0.884s] -- Execute custom install script
[0.884s] -- Symlinking: /home/shishir/origami/ros2_ws/install/ur_simulation_gazebo/share/ur_simulation_gazebo/config/ur_controllers.yaml
[0.893s] -- Symlinking: /home/shishir/origami/ros2_ws/install/ur_simulation_gazebo/share/ur_simulation_gazebo/launch/ur_sim_control.launch.py
[0.901s] -- Symlinking: /home/shishir/origami/ros2_ws/install/ur_simulation_gazebo/share/ur_simulation_gazebo/launch/ur_sim_moveit.launch.py
[0.909s] -- Symlinking: /home/shishir/origami/ros2_ws/install/ur_simulation_gazebo/share/ament_index/resource_index/package_run_dependencies/ur_simulation_gazebo
[0.917s] -- Symlinking: /home/shishir/origami/ros2_ws/install/ur_simulation_gazebo/share/ament_index/resource_index/parent_prefix_path/ur_simulation_gazebo
[0.925s] -- Symlinking: /home/shishir/origami/ros2_ws/install/ur_simulation_gazebo/share/ur_simulation_gazebo/environment/ament_prefix_path.sh
[0.933s] -- Symlinking: /home/shishir/origami/ros2_ws/install/ur_simulation_gazebo/share/ur_simulation_gazebo/environment/ament_prefix_path.dsv
[0.941s] -- Symlinking: /home/shishir/origami/ros2_ws/install/ur_simulation_gazebo/share/ur_simulation_gazebo/environment/path.sh
[0.949s] -- Symlinking: /home/shishir/origami/ros2_ws/install/ur_simulation_gazebo/share/ur_simulation_gazebo/environment/path.dsv
[0.957s] -- Symlinking: /home/shishir/origami/ros2_ws/install/ur_simulation_gazebo/share/ur_simulation_gazebo/local_setup.bash
[0.967s] -- Symlinking: /home/shishir/origami/ros2_ws/install/ur_simulation_gazebo/share/ur_simulation_gazebo/local_setup.sh
[0.975s] -- Symlinking: /home/shishir/origami/ros2_ws/install/ur_simulation_gazebo/share/ur_simulation_gazebo/local_setup.zsh
[0.984s] -- Symlinking: /home/shishir/origami/ros2_ws/install/ur_simulation_gazebo/share/ur_simulation_gazebo/local_setup.dsv
[0.993s] -- Symlinking: /home/shishir/origami/ros2_ws/install/ur_simulation_gazebo/share/ur_simulation_gazebo/package.dsv
[1.002s] -- Symlinking: /home/shishir/origami/ros2_ws/install/ur_simulation_gazebo/share/ament_index/resource_index/packages/ur_simulation_gazebo
[1.011s] -- Symlinking: /home/shishir/origami/ros2_ws/install/ur_simulation_gazebo/share/ur_simulation_gazebo/cmake/ur_simulation_gazeboConfig.cmake
[1.022s] -- Symlinking: /home/shishir/origami/ros2_ws/install/ur_simulation_gazebo/share/ur_simulation_gazebo/cmake/ur_simulation_gazeboConfig-version.cmake
[1.034s] -- Symlinking: /home/shishir/origami/ros2_ws/install/ur_simulation_gazebo/share/ur_simulation_gazebo/package.xml
[1.048s] Invoked command in '/home/shishir/origami/ros2_ws/build/ur_simulation_gazebo' returned '0': CMAKE_PREFIX_PATH=/home/shishir/origami/ros2_ws/install/ur_description:/home/shishir/origami/install/ur_simulation_gazebo:/home/shishir/origami/install/ur_description:/home/shishir/origami/ros2_ws/install/ur_simulation_gazebo:/opt/ros/humble /usr/bin/cmake --install /home/shishir/origami/ros2_ws/build/ur_simulation_gazebo
