[0.019s] Invoking command in '/home/shishir/origami/ros2_ws/build/ur_description': CMAKE_PREFIX_PATH=${CMAKE_PREFIX_PATH}:/opt/ros/humble /usr/bin/cmake /home/shishir/origami/ros2_ws/src/Universal_Robots_ROS2_Description -DAMENT_CMAKE_SYMLINK_INSTALL=1 -DCMAKE_INSTALL_PREFIX=/home/shishir/origami/ros2_ws/install/ur_description
[0.189s] -- The C compiler identification is GNU 11.4.0
[0.335s] -- The CXX compiler identification is GNU 11.4.0
[0.364s] -- Detecting C compiler ABI info
[0.482s] -- Detecting C compiler ABI info - done
[0.490s] -- Check for working C compiler: /usr/bin/cc - skipped
[0.491s] -- Detecting C compile features
[0.493s] -- Detecting C compile features - done
[0.502s] -- Detecting CXX compiler ABI info
[0.639s] -- Detecting CXX compiler ABI info - done
[0.651s] -- Check for working CXX compiler: /usr/bin/c++ - skipped
[0.651s] -- Detecting CXX compile features
[0.652s] -- Detecting CXX compile features - done
[0.658s] -- Found ament_cmake: 1.3.12 (/opt/ros/humble/share/ament_cmake/cmake)
[0.937s] -- Found Python3: /usr/bin/python3 (found version "3.10.12") found components: Interpreter 
[1.077s] -- Override CMake install command with custom implementation using symlinks instead of copying resources
[1.158s] -- Found ament_cmake_pytest: 1.3.12 (/opt/ros/humble/share/ament_cmake_pytest/cmake)
[2.503s] -- Configuring done
[2.506s] -- Generating done
[2.507s] -- Build files have been written to: /home/shishir/origami/ros2_ws/build/ur_description
[2.514s] Invoked command in '/home/shishir/origami/ros2_ws/build/ur_description' returned '0': CMAKE_PREFIX_PATH=${CMAKE_PREFIX_PATH}:/opt/ros/humble /usr/bin/cmake /home/shishir/origami/ros2_ws/src/Universal_Robots_ROS2_Description -DAMENT_CMAKE_SYMLINK_INSTALL=1 -DCMAKE_INSTALL_PREFIX=/home/shishir/origami/ros2_ws/install/ur_description
[2.516s] Invoking command in '/home/shishir/origami/ros2_ws/build/ur_description': CMAKE_PREFIX_PATH=${CMAKE_PREFIX_PATH}:/opt/ros/humble /usr/bin/cmake --build /home/shishir/origami/ros2_ws/build/ur_description -- -j8 -l8
[2.576s] Invoked command in '/home/shishir/origami/ros2_ws/build/ur_description' returned '0': CMAKE_PREFIX_PATH=${CMAKE_PREFIX_PATH}:/opt/ros/humble /usr/bin/cmake --build /home/shishir/origami/ros2_ws/build/ur_description -- -j8 -l8
[2.586s] Invoking command in '/home/shishir/origami/ros2_ws/build/ur_description': CMAKE_PREFIX_PATH=${CMAKE_PREFIX_PATH}:/opt/ros/humble /usr/bin/cmake --install /home/shishir/origami/ros2_ws/build/ur_description
[2.595s] -- Install configuration: ""
[2.595s] -- Execute custom install script
[2.597s] -- Symlinking: /home/shishir/origami/ros2_ws/install/ur_description/share/ur_description/config/initial_positions.yaml
[2.605s] -- Symlinking: /home/shishir/origami/ros2_ws/install/ur_description/share/ur_description/config/ur10/default_kinematics.yaml
[2.614s] -- Symlinking: /home/shishir/origami/ros2_ws/install/ur_description/share/ur_description/config/ur10/joint_limits.yaml
[2.623s] -- Symlinking: /home/shishir/origami/ros2_ws/install/ur_description/share/ur_description/config/ur10/physical_parameters.yaml
[2.632s] -- Symlinking: /home/shishir/origami/ros2_ws/install/ur_description/share/ur_description/config/ur10/visual_parameters.yaml
[2.643s] -- Symlinking: /home/shishir/origami/ros2_ws/install/ur_description/share/ur_description/config/ur10e/default_kinematics.yaml
[2.661s] -- Symlinking: /home/shishir/origami/ros2_ws/install/ur_description/share/ur_description/config/ur10e/joint_limits.yaml
[2.673s] -- Symlinking: /home/shishir/origami/ros2_ws/install/ur_description/share/ur_description/config/ur10e/physical_parameters.yaml
[2.686s] -- Symlinking: /home/shishir/origami/ros2_ws/install/ur_description/share/ur_description/config/ur10e/visual_parameters.yaml
[2.698s] -- Symlinking: /home/shishir/origami/ros2_ws/install/ur_description/share/ur_description/config/ur12e/default_kinematics.yaml
[2.709s] -- Symlinking: /home/shishir/origami/ros2_ws/install/ur_description/share/ur_description/config/ur12e/joint_limits.yaml
[2.718s] -- Symlinking: /home/shishir/origami/ros2_ws/install/ur_description/share/ur_description/config/ur12e/physical_parameters.yaml
[2.726s] -- Symlinking: /home/shishir/origami/ros2_ws/install/ur_description/share/ur_description/config/ur12e/visual_parameters.yaml
[2.743s] -- Symlinking: /home/shishir/origami/ros2_ws/install/ur_description/share/ur_description/config/ur15/default_kinematics.yaml
[2.756s] -- Symlinking: /home/shishir/origami/ros2_ws/install/ur_description/share/ur_description/config/ur15/joint_limits.yaml
[2.769s] -- Symlinking: /home/shishir/origami/ros2_ws/install/ur_description/share/ur_description/config/ur15/physical_parameters.yaml
[2.786s] -- Symlinking: /home/shishir/origami/ros2_ws/install/ur_description/share/ur_description/config/ur15/visual_parameters.yaml
[2.799s] -- Symlinking: /home/shishir/origami/ros2_ws/install/ur_description/share/ur_description/config/ur16e/default_kinematics.yaml
[2.810s] -- Symlinking: /home/shishir/origami/ros2_ws/install/ur_description/share/ur_description/config/ur16e/joint_limits.yaml
[2.820s] -- Symlinking: /home/shishir/origami/ros2_ws/install/ur_description/share/ur_description/config/ur16e/physical_parameters.yaml
[2.829s] -- Symlinking: /home/shishir/origami/ros2_ws/install/ur_description/share/ur_description/config/ur16e/visual_parameters.yaml
[2.840s] -- Symlinking: /home/shishir/origami/ros2_ws/install/ur_description/share/ur_description/config/ur18/default_kinematics.yaml
[2.851s] -- Symlinking: /home/shishir/origami/ros2_ws/install/ur_description/share/ur_description/config/ur18/joint_limits.yaml
[2.865s] -- Symlinking: /home/shishir/origami/ros2_ws/install/ur_description/share/ur_description/config/ur18/physical_parameters.yaml
[2.882s] -- Symlinking: /home/shishir/origami/ros2_ws/install/ur_description/share/ur_description/config/ur18/visual_parameters.yaml
[2.892s] -- Symlinking: /home/shishir/origami/ros2_ws/install/ur_description/share/ur_description/config/ur20/default_kinematics.yaml
[2.903s] -- Symlinking: /home/shishir/origami/ros2_ws/install/ur_description/share/ur_description/config/ur20/joint_limits.yaml
[2.912s] -- Symlinking: /home/shishir/origami/ros2_ws/install/ur_description/share/ur_description/config/ur20/physical_parameters.yaml
[2.921s] -- Symlinking: /home/shishir/origami/ros2_ws/install/ur_description/share/ur_description/config/ur20/visual_parameters.yaml
[2.930s] -- Symlinking: /home/shishir/origami/ros2_ws/install/ur_description/share/ur_description/config/ur3/default_kinematics.yaml
[2.941s] -- Symlinking: /home/shishir/origami/ros2_ws/install/ur_description/share/ur_description/config/ur3/joint_limits.yaml
[2.953s] -- Symlinking: /home/shishir/origami/ros2_ws/install/ur_description/share/ur_description/config/ur3/physical_parameters.yaml
[2.966s] -- Symlinking: /home/shishir/origami/ros2_ws/install/ur_description/share/ur_description/config/ur3/visual_parameters.yaml
[2.976s] -- Symlinking: /home/shishir/origami/ros2_ws/install/ur_description/share/ur_description/config/ur30/default_kinematics.yaml
[2.986s] -- Symlinking: /home/shishir/origami/ros2_ws/install/ur_description/share/ur_description/config/ur30/joint_limits.yaml
[2.996s] -- Symlinking: /home/shishir/origami/ros2_ws/install/ur_description/share/ur_description/config/ur30/physical_parameters.yaml
[3.006s] -- Symlinking: /home/shishir/origami/ros2_ws/install/ur_description/share/ur_description/config/ur30/visual_parameters.yaml
[3.015s] -- Symlinking: /home/shishir/origami/ros2_ws/install/ur_description/share/ur_description/config/ur3e/default_kinematics.yaml
[3.024s] -- Symlinking: /home/shishir/origami/ros2_ws/install/ur_description/share/ur_description/config/ur3e/joint_limits.yaml
[3.033s] -- Symlinking: /home/shishir/origami/ros2_ws/install/ur_description/share/ur_description/config/ur3e/physical_parameters.yaml
[3.045s] -- Symlinking: /home/shishir/origami/ros2_ws/install/ur_description/share/ur_description/config/ur3e/visual_parameters.yaml
[3.058s] -- Symlinking: /home/shishir/origami/ros2_ws/install/ur_description/share/ur_description/config/ur5/default_kinematics.yaml
[3.074s] -- Symlinking: /home/shishir/origami/ros2_ws/install/ur_description/share/ur_description/config/ur5/joint_limits.yaml
[3.084s] -- Symlinking: /home/shishir/origami/ros2_ws/install/ur_description/share/ur_description/config/ur5/physical_parameters.yaml
[3.098s] -- Symlinking: /home/shishir/origami/ros2_ws/install/ur_description/share/ur_description/config/ur5/visual_parameters.yaml
[3.108s] -- Symlinking: /home/shishir/origami/ros2_ws/install/ur_description/share/ur_description/config/ur5e/default_kinematics.yaml
[3.118s] -- Symlinking: /home/shishir/origami/ros2_ws/install/ur_description/share/ur_description/config/ur5e/joint_limits.yaml
[3.126s] -- Symlinking: /home/shishir/origami/ros2_ws/install/ur_description/share/ur_description/config/ur5e/physical_parameters.yaml
[3.139s] -- Symlinking: /home/shishir/origami/ros2_ws/install/ur_description/share/ur_description/config/ur5e/visual_parameters.yaml
[3.154s] -- Symlinking: /home/shishir/origami/ros2_ws/install/ur_description/share/ur_description/config/ur7e/default_kinematics.yaml
[3.167s] -- Symlinking: /home/shishir/origami/ros2_ws/install/ur_description/share/ur_description/config/ur7e/joint_limits.yaml
[3.188s] -- Symlinking: /home/shishir/origami/ros2_ws/install/ur_description/share/ur_description/config/ur7e/physical_parameters.yaml
[3.203s] -- Symlinking: /home/shishir/origami/ros2_ws/install/ur_description/share/ur_description/config/ur7e/visual_parameters.yaml
[3.213s] -- Symlinking: /home/shishir/origami/ros2_ws/install/ur_description/share/ur_description/config/ur8long/default_kinematics.yaml
[3.225s] -- Symlinking: /home/shishir/origami/ros2_ws/install/ur_description/share/ur_description/config/ur8long/joint_limits.yaml
[3.240s] -- Symlinking: /home/shishir/origami/ros2_ws/install/ur_description/share/ur_description/config/ur8long/physical_parameters.yaml
[3.252s] -- Symlinking: /home/shishir/origami/ros2_ws/install/ur_description/share/ur_description/config/ur8long/visual_parameters.yaml
[3.265s] -- Symlinking: /home/shishir/origami/ros2_ws/install/ur_description/share/ur_description/launch/view_ur.launch.py
[3.281s] -- Symlinking: /home/shishir/origami/ros2_ws/install/ur_description/share/ur_description/meshes/ur10/collision/base.stl
[3.294s] -- Symlinking: /home/shishir/origami/ros2_ws/install/ur_description/share/ur_description/meshes/ur10/collision/forearm.stl
[3.303s] -- Symlinking: /home/shishir/origami/ros2_ws/install/ur_description/share/ur_description/meshes/ur10/collision/shoulder.stl
[3.313s] -- Symlinking: /home/shishir/origami/ros2_ws/install/ur_description/share/ur_description/meshes/ur10/collision/upperarm.stl
[3.323s] -- Symlinking: /home/shishir/origami/ros2_ws/install/ur_description/share/ur_description/meshes/ur10/collision/wrist1.stl
[3.335s] -- Symlinking: /home/shishir/origami/ros2_ws/install/ur_description/share/ur_description/meshes/ur10/collision/wrist2.stl
[3.350s] -- Symlinking: /home/shishir/origami/ros2_ws/install/ur_description/share/ur_description/meshes/ur10/collision/wrist3.stl
[3.362s] -- Symlinking: /home/shishir/origami/ros2_ws/install/ur_description/share/ur_description/meshes/ur10/visual/base.dae
[3.377s] -- Symlinking: /home/shishir/origami/ros2_ws/install/ur_description/share/ur_description/meshes/ur10/visual/forearm.dae
[3.388s] -- Symlinking: /home/shishir/origami/ros2_ws/install/ur_description/share/ur_description/meshes/ur10/visual/shoulder.dae
[3.397s] -- Symlinking: /home/shishir/origami/ros2_ws/install/ur_description/share/ur_description/meshes/ur10/visual/upperarm.dae
[3.406s] -- Symlinking: /home/shishir/origami/ros2_ws/install/ur_description/share/ur_description/meshes/ur10/visual/wrist1.dae
[3.415s] -- Symlinking: /home/shishir/origami/ros2_ws/install/ur_description/share/ur_description/meshes/ur10/visual/wrist2.dae
[3.426s] -- Symlinking: /home/shishir/origami/ros2_ws/install/ur_description/share/ur_description/meshes/ur10/visual/wrist3.dae
[3.438s] -- Symlinking: /home/shishir/origami/ros2_ws/install/ur_description/share/ur_description/meshes/ur10e/collision/base.stl
[3.451s] -- Symlinking: /home/shishir/origami/ros2_ws/install/ur_description/share/ur_description/meshes/ur10e/collision/forearm.stl
[3.463s] -- Symlinking: /home/shishir/origami/ros2_ws/install/ur_description/share/ur_description/meshes/ur10e/collision/shoulder.stl
[3.476s] -- Symlinking: /home/shishir/origami/ros2_ws/install/ur_description/share/ur_description/meshes/ur10e/collision/upperarm.stl
[3.489s] -- Symlinking: /home/shishir/origami/ros2_ws/install/ur_description/share/ur_description/meshes/ur10e/collision/wrist1.stl
[3.498s] -- Symlinking: /home/shishir/origami/ros2_ws/install/ur_description/share/ur_description/meshes/ur10e/collision/wrist2.stl
[3.508s] -- Symlinking: /home/shishir/origami/ros2_ws/install/ur_description/share/ur_description/meshes/ur10e/collision/wrist3.stl
[3.517s] -- Symlinking: /home/shishir/origami/ros2_ws/install/ur_description/share/ur_description/meshes/ur10e/visual/base.dae
[3.529s] -- Symlinking: /home/shishir/origami/ros2_ws/install/ur_description/share/ur_description/meshes/ur10e/visual/forearm.dae
[3.546s] -- Symlinking: /home/shishir/origami/ros2_ws/install/ur_description/share/ur_description/meshes/ur10e/visual/shoulder.dae
[3.556s] -- Symlinking: /home/shishir/origami/ros2_ws/install/ur_description/share/ur_description/meshes/ur10e/visual/upperarm.dae
[3.570s] -- Symlinking: /home/shishir/origami/ros2_ws/install/ur_description/share/ur_description/meshes/ur10e/visual/wrist1.dae
[3.584s] -- Symlinking: /home/shishir/origami/ros2_ws/install/ur_description/share/ur_description/meshes/ur10e/visual/wrist2.dae
[3.593s] -- Symlinking: /home/shishir/origami/ros2_ws/install/ur_description/share/ur_description/meshes/ur10e/visual/wrist3.dae
[3.603s] -- Symlinking: /home/shishir/origami/ros2_ws/install/ur_description/share/ur_description/meshes/ur15/LICENSE.txt
[3.611s] -- Symlinking: /home/shishir/origami/ros2_ws/install/ur_description/share/ur_description/meshes/ur15/collision/base.stl
[3.626s] -- Symlinking: /home/shishir/origami/ros2_ws/install/ur_description/share/ur_description/meshes/ur15/collision/forearm.stl
[3.636s] -- Symlinking: /home/shishir/origami/ros2_ws/install/ur_description/share/ur_description/meshes/ur15/collision/shoulder.stl
[3.649s] -- Symlinking: /home/shishir/origami/ros2_ws/install/ur_description/share/ur_description/meshes/ur15/collision/upperarm.stl
[3.663s] -- Symlinking: /home/shishir/origami/ros2_ws/install/ur_description/share/ur_description/meshes/ur15/collision/wrist1.stl
[3.684s] -- Symlinking: /home/shishir/origami/ros2_ws/install/ur_description/share/ur_description/meshes/ur15/collision/wrist2.stl
[3.695s] -- Symlinking: /home/shishir/origami/ros2_ws/install/ur_description/share/ur_description/meshes/ur15/collision/wrist3.stl
[3.706s] -- Symlinking: /home/shishir/origami/ros2_ws/install/ur_description/share/ur_description/meshes/ur15/visual/UR15_DIFF_8bit_2K.jpg
[3.715s] -- Symlinking: /home/shishir/origami/ros2_ws/install/ur_description/share/ur_description/meshes/ur15/visual/base.dae
[3.724s] -- Symlinking: /home/shishir/origami/ros2_ws/install/ur_description/share/ur_description/meshes/ur15/visual/forearm.dae
[3.733s] -- Symlinking: /home/shishir/origami/ros2_ws/install/ur_description/share/ur_description/meshes/ur15/visual/shoulder.dae
[3.744s] -- Symlinking: /home/shishir/origami/ros2_ws/install/ur_description/share/ur_description/meshes/ur15/visual/upperarm.dae
[3.758s] -- Symlinking: /home/shishir/origami/ros2_ws/install/ur_description/share/ur_description/meshes/ur15/visual/wrist1.dae
[3.771s] -- Symlinking: /home/shishir/origami/ros2_ws/install/ur_description/share/ur_description/meshes/ur15/visual/wrist2.dae
[3.784s] -- Symlinking: /home/shishir/origami/ros2_ws/install/ur_description/share/ur_description/meshes/ur15/visual/wrist3.dae
[3.795s] -- Symlinking: /home/shishir/origami/ros2_ws/install/ur_description/share/ur_description/meshes/ur16e/collision/forearm.stl
[3.805s] -- Symlinking: /home/shishir/origami/ros2_ws/install/ur_description/share/ur_description/meshes/ur16e/collision/upperarm.stl
[3.815s] -- Symlinking: /home/shishir/origami/ros2_ws/install/ur_description/share/ur_description/meshes/ur16e/visual/forearm.dae
[3.825s] -- Symlinking: /home/shishir/origami/ros2_ws/install/ur_description/share/ur_description/meshes/ur16e/visual/upperarm.dae
[3.839s] -- Symlinking: /home/shishir/origami/ros2_ws/install/ur_description/share/ur_description/meshes/ur18/LICENSE.txt
[3.847s] -- Symlinking: /home/shishir/origami/ros2_ws/install/ur_description/share/ur_description/meshes/ur18/collision/forearm.stl
[3.864s] -- Symlinking: /home/shishir/origami/ros2_ws/install/ur_description/share/ur_description/meshes/ur18/collision/upperarm.stl
[3.873s] -- Symlinking: /home/shishir/origami/ros2_ws/install/ur_description/share/ur_description/meshes/ur18/visual/UR18_DIFF_8bit_2K.jpg
[3.886s] -- Symlinking: /home/shishir/origami/ros2_ws/install/ur_description/share/ur_description/meshes/ur18/visual/forearm.dae
[3.898s] -- Symlinking: /home/shishir/origami/ros2_ws/install/ur_description/share/ur_description/meshes/ur18/visual/upperarm.dae
[3.908s] -- Symlinking: /home/shishir/origami/ros2_ws/install/ur_description/share/ur_description/meshes/ur20/LICENSE.txt
[3.918s] -- Symlinking: /home/shishir/origami/ros2_ws/install/ur_description/share/ur_description/meshes/ur20/collision/base.stl
[3.926s] -- Symlinking: /home/shishir/origami/ros2_ws/install/ur_description/share/ur_description/meshes/ur20/collision/forearm.stl
[3.939s] -- Symlinking: /home/shishir/origami/ros2_ws/install/ur_description/share/ur_description/meshes/ur20/collision/shoulder.stl
[3.951s] -- Symlinking: /home/shishir/origami/ros2_ws/install/ur_description/share/ur_description/meshes/ur20/collision/upperarm.stl
[3.964s] -- Symlinking: /home/shishir/origami/ros2_ws/install/ur_description/share/ur_description/meshes/ur20/collision/wrist1.stl
[3.978s] -- Symlinking: /home/shishir/origami/ros2_ws/install/ur_description/share/ur_description/meshes/ur20/collision/wrist2.stl
[3.991s] -- Symlinking: /home/shishir/origami/ros2_ws/install/ur_description/share/ur_description/meshes/ur20/collision/wrist3.stl
[4.003s] -- Symlinking: /home/shishir/origami/ros2_ws/install/ur_description/share/ur_description/meshes/ur20/visual/UR20_DIFF_8bit_2K.png
[4.012s] -- Symlinking: /home/shishir/origami/ros2_ws/install/ur_description/share/ur_description/meshes/ur20/visual/base.dae
[4.021s] -- Symlinking: /home/shishir/origami/ros2_ws/install/ur_description/share/ur_description/meshes/ur20/visual/forearm.dae
[4.030s] -- Symlinking: /home/shishir/origami/ros2_ws/install/ur_description/share/ur_description/meshes/ur20/visual/shoulder.dae
[4.044s] -- Symlinking: /home/shishir/origami/ros2_ws/install/ur_description/share/ur_description/meshes/ur20/visual/upperarm.dae
[4.057s] -- Symlinking: /home/shishir/origami/ros2_ws/install/ur_description/share/ur_description/meshes/ur20/visual/wrist1.dae
[4.070s] -- Symlinking: /home/shishir/origami/ros2_ws/install/ur_description/share/ur_description/meshes/ur20/visual/wrist2.dae
[4.084s] -- Symlinking: /home/shishir/origami/ros2_ws/install/ur_description/share/ur_description/meshes/ur20/visual/wrist3.dae
[4.097s] -- Symlinking: /home/shishir/origami/ros2_ws/install/ur_description/share/ur_description/meshes/ur3/collision/base.stl
[4.106s] -- Symlinking: /home/shishir/origami/ros2_ws/install/ur_description/share/ur_description/meshes/ur3/collision/forearm.stl
[4.116s] -- Symlinking: /home/shishir/origami/ros2_ws/install/ur_description/share/ur_description/meshes/ur3/collision/shoulder.stl
[4.124s] -- Symlinking: /home/shishir/origami/ros2_ws/install/ur_description/share/ur_description/meshes/ur3/collision/upperarm.stl
[4.133s] -- Symlinking: /home/shishir/origami/ros2_ws/install/ur_description/share/ur_description/meshes/ur3/collision/wrist1.stl
[4.146s] -- Symlinking: /home/shishir/origami/ros2_ws/install/ur_description/share/ur_description/meshes/ur3/collision/wrist2.stl
[4.159s] -- Symlinking: /home/shishir/origami/ros2_ws/install/ur_description/share/ur_description/meshes/ur3/collision/wrist3.stl
[4.171s] -- Symlinking: /home/shishir/origami/ros2_ws/install/ur_description/share/ur_description/meshes/ur3/visual/base.dae
[4.184s] -- Symlinking: /home/shishir/origami/ros2_ws/install/ur_description/share/ur_description/meshes/ur3/visual/forearm.dae
[4.195s] -- Symlinking: /home/shishir/origami/ros2_ws/install/ur_description/share/ur_description/meshes/ur3/visual/shoulder.dae
[4.206s] -- Symlinking: /home/shishir/origami/ros2_ws/install/ur_description/share/ur_description/meshes/ur3/visual/upperarm.dae
[4.215s] -- Symlinking: /home/shishir/origami/ros2_ws/install/ur_description/share/ur_description/meshes/ur3/visual/wrist1.dae
[4.224s] -- Symlinking: /home/shishir/origami/ros2_ws/install/ur_description/share/ur_description/meshes/ur3/visual/wrist2.dae
[4.233s] -- Symlinking: /home/shishir/origami/ros2_ws/install/ur_description/share/ur_description/meshes/ur3/visual/wrist3.dae
[4.245s] -- Symlinking: /home/shishir/origami/ros2_ws/install/ur_description/share/ur_description/meshes/ur30/LICENSE.txt
[4.254s] -- Symlinking: /home/shishir/origami/ros2_ws/install/ur_description/share/ur_description/meshes/ur30/collision/forearm.stl
[4.265s] -- Symlinking: /home/shishir/origami/ros2_ws/install/ur_description/share/ur_description/meshes/ur30/collision/upperarm.stl
[4.281s] -- Symlinking: /home/shishir/origami/ros2_ws/install/ur_description/share/ur_description/meshes/ur30/visual/UR30_DIFF_8bit_2K.png
[4.299s] -- Symlinking: /home/shishir/origami/ros2_ws/install/ur_description/share/ur_description/meshes/ur30/visual/forearm.dae
[4.309s] -- Symlinking: /home/shishir/origami/ros2_ws/install/ur_description/share/ur_description/meshes/ur30/visual/upperarm.dae
[4.320s] -- Symlinking: /home/shishir/origami/ros2_ws/install/ur_description/share/ur_description/meshes/ur3e/collision/base.stl
[4.329s] -- Symlinking: /home/shishir/origami/ros2_ws/install/ur_description/share/ur_description/meshes/ur3e/collision/forearm.stl
[4.340s] -- Symlinking: /home/shishir/origami/ros2_ws/install/ur_description/share/ur_description/meshes/ur3e/collision/shoulder.stl
[4.354s] -- Symlinking: /home/shishir/origami/ros2_ws/install/ur_description/share/ur_description/meshes/ur3e/collision/upperarm.stl
[4.367s] -- Symlinking: /home/shishir/origami/ros2_ws/install/ur_description/share/ur_description/meshes/ur3e/collision/wrist1.stl
[4.381s] -- Symlinking: /home/shishir/origami/ros2_ws/install/ur_description/share/ur_description/meshes/ur3e/collision/wrist2.stl
[4.394s] -- Symlinking: /home/shishir/origami/ros2_ws/install/ur_description/share/ur_description/meshes/ur3e/collision/wrist3.stl
[4.405s] -- Symlinking: /home/shishir/origami/ros2_ws/install/ur_description/share/ur_description/meshes/ur3e/visual/base.dae
[4.415s] -- Symlinking: /home/shishir/origami/ros2_ws/install/ur_description/share/ur_description/meshes/ur3e/visual/forearm.dae
[4.423s] -- Symlinking: /home/shishir/origami/ros2_ws/install/ur_description/share/ur_description/meshes/ur3e/visual/shoulder.dae
[4.432s] -- Symlinking: /home/shishir/origami/ros2_ws/install/ur_description/share/ur_description/meshes/ur3e/visual/upperarm.dae
[4.445s] -- Symlinking: /home/shishir/origami/ros2_ws/install/ur_description/share/ur_description/meshes/ur3e/visual/wrist1.dae
[4.458s] -- Symlinking: /home/shishir/origami/ros2_ws/install/ur_description/share/ur_description/meshes/ur3e/visual/wrist2.dae
[4.483s] -- Symlinking: /home/shishir/origami/ros2_ws/install/ur_description/share/ur_description/meshes/ur3e/visual/wrist3.dae
[4.497s] -- Symlinking: /home/shishir/origami/ros2_ws/install/ur_description/share/ur_description/meshes/ur5/collision/base.stl
[4.509s] -- Symlinking: /home/shishir/origami/ros2_ws/install/ur_description/share/ur_description/meshes/ur5/collision/forearm.stl
[4.521s] -- Symlinking: /home/shishir/origami/ros2_ws/install/ur_description/share/ur_description/meshes/ur5/collision/shoulder.stl
[4.530s] -- Symlinking: /home/shishir/origami/ros2_ws/install/ur_description/share/ur_description/meshes/ur5/collision/upperarm.stl
[4.541s] -- Symlinking: /home/shishir/origami/ros2_ws/install/ur_description/share/ur_description/meshes/ur5/collision/wrist1.stl
[4.554s] -- Symlinking: /home/shishir/origami/ros2_ws/install/ur_description/share/ur_description/meshes/ur5/collision/wrist2.stl
[4.567s] -- Symlinking: /home/shishir/origami/ros2_ws/install/ur_description/share/ur_description/meshes/ur5/collision/wrist3.stl
[4.580s] -- Symlinking: /home/shishir/origami/ros2_ws/install/ur_description/share/ur_description/meshes/ur5/visual/base.dae
[4.592s] -- Symlinking: /home/shishir/origami/ros2_ws/install/ur_description/share/ur_description/meshes/ur5/visual/forearm.dae
[4.604s] -- Symlinking: /home/shishir/origami/ros2_ws/install/ur_description/share/ur_description/meshes/ur5/visual/shoulder.dae
[4.613s] -- Symlinking: /home/shishir/origami/ros2_ws/install/ur_description/share/ur_description/meshes/ur5/visual/upperarm.dae
[4.624s] -- Symlinking: /home/shishir/origami/ros2_ws/install/ur_description/share/ur_description/meshes/ur5/visual/wrist1.dae
[4.639s] -- Symlinking: /home/shishir/origami/ros2_ws/install/ur_description/share/ur_description/meshes/ur5/visual/wrist2.dae
[4.651s] -- Symlinking: /home/shishir/origami/ros2_ws/install/ur_description/share/ur_description/meshes/ur5/visual/wrist3.dae
[4.665s] -- Symlinking: /home/shishir/origami/ros2_ws/install/ur_description/share/ur_description/meshes/ur5e/collision/base.stl
[4.679s] -- Symlinking: /home/shishir/origami/ros2_ws/install/ur_description/share/ur_description/meshes/ur5e/collision/forearm.stl
[4.692s] -- Symlinking: /home/shishir/origami/ros2_ws/install/ur_description/share/ur_description/meshes/ur5e/collision/shoulder.stl
[4.705s] -- Symlinking: /home/shishir/origami/ros2_ws/install/ur_description/share/ur_description/meshes/ur5e/collision/upperarm.stl
[4.715s] -- Symlinking: /home/shishir/origami/ros2_ws/install/ur_description/share/ur_description/meshes/ur5e/collision/wrist1.stl
[4.723s] -- Symlinking: /home/shishir/origami/ros2_ws/install/ur_description/share/ur_description/meshes/ur5e/collision/wrist2.stl
[4.732s] -- Symlinking: /home/shishir/origami/ros2_ws/install/ur_description/share/ur_description/meshes/ur5e/collision/wrist3.stl
[4.745s] -- Symlinking: /home/shishir/origami/ros2_ws/install/ur_description/share/ur_description/meshes/ur5e/visual/base.dae
[4.758s] -- Symlinking: /home/shishir/origami/ros2_ws/install/ur_description/share/ur_description/meshes/ur5e/visual/forearm.dae
[4.771s] -- Symlinking: /home/shishir/origami/ros2_ws/install/ur_description/share/ur_description/meshes/ur5e/visual/shoulder.dae
[4.788s] -- Symlinking: /home/shishir/origami/ros2_ws/install/ur_description/share/ur_description/meshes/ur5e/visual/upperarm.dae
[4.801s] -- Symlinking: /home/shishir/origami/ros2_ws/install/ur_description/share/ur_description/meshes/ur5e/visual/wrist1.dae
[4.811s] -- Symlinking: /home/shishir/origami/ros2_ws/install/ur_description/share/ur_description/meshes/ur5e/visual/wrist2.dae
[4.822s] -- Symlinking: /home/shishir/origami/ros2_ws/install/ur_description/share/ur_description/meshes/ur5e/visual/wrist3.dae
[4.830s] -- Symlinking: /home/shishir/origami/ros2_ws/install/ur_description/share/ur_description/meshes/ur8long/LICENSE.txt
[4.842s] -- Symlinking: /home/shishir/origami/ros2_ws/install/ur_description/share/ur_description/meshes/ur8long/collision/forearm.stl
[4.855s] -- Symlinking: /home/shishir/origami/ros2_ws/install/ur_description/share/ur_description/meshes/ur8long/collision/upperarm.stl
[4.868s] -- Symlinking: /home/shishir/origami/ros2_ws/install/ur_description/share/ur_description/meshes/ur8long/visual/UR8Long_DIFF_8bit_2K.jpg
[4.881s] -- Symlinking: /home/shishir/origami/ros2_ws/install/ur_description/share/ur_description/meshes/ur8long/visual/forearm.dae
[4.894s] -- Symlinking: /home/shishir/origami/ros2_ws/install/ur_description/share/ur_description/meshes/ur8long/visual/upperarm.dae
[4.908s] -- Symlinking: /home/shishir/origami/ros2_ws/install/ur_description/share/ur_description/rviz/view_robot.rviz
[4.919s] -- Symlinking: /home/shishir/origami/ros2_ws/install/ur_description/share/ur_description/urdf/inc/ur_common.xacro
[4.929s] -- Symlinking: /home/shishir/origami/ros2_ws/install/ur_description/share/ur_description/urdf/inc/ur_transmissions.xacro
[4.940s] -- Symlinking: /home/shishir/origami/ros2_ws/install/ur_description/share/ur_description/urdf/multi_ur5.urdf.xacro
[4.953s] -- Symlinking: /home/shishir/origami/ros2_ws/install/ur_description/share/ur_description/urdf/ur.ros2_control.xacro
[4.966s] -- Symlinking: /home/shishir/origami/ros2_ws/install/ur_description/share/ur_description/urdf/ur.urdf.xacro
[4.980s] -- Symlinking: /home/shishir/origami/ros2_ws/install/ur_description/share/ur_description/urdf/ur_macro.xacro
[4.992s] -- Symlinking: /home/shishir/origami/ros2_ws/install/ur_description/share/ur_description/test/test_ur_urdf_xacro.py
[5.004s] -- Symlinking: /home/shishir/origami/ros2_ws/install/ur_description/share/ur_description/test/test_view_ur_launch.py
[5.014s] -- Symlinking: /home/shishir/origami/ros2_ws/install/ur_description/share/ament_index/resource_index/package_run_dependencies/ur_description
[5.024s] -- Symlinking: /home/shishir/origami/ros2_ws/install/ur_description/share/ament_index/resource_index/parent_prefix_path/ur_description
[5.036s] -- Symlinking: /home/shishir/origami/ros2_ws/install/ur_description/share/ur_description/environment/ament_prefix_path.sh
[5.051s] -- Symlinking: /home/shishir/origami/ros2_ws/install/ur_description/share/ur_description/environment/ament_prefix_path.dsv
[5.064s] -- Symlinking: /home/shishir/origami/ros2_ws/install/ur_description/share/ur_description/environment/path.sh
[5.076s] -- Symlinking: /home/shishir/origami/ros2_ws/install/ur_description/share/ur_description/environment/path.dsv
[5.089s] -- Symlinking: /home/shishir/origami/ros2_ws/install/ur_description/share/ur_description/local_setup.bash
[5.101s] -- Symlinking: /home/shishir/origami/ros2_ws/install/ur_description/share/ur_description/local_setup.sh
[5.110s] -- Symlinking: /home/shishir/origami/ros2_ws/install/ur_description/share/ur_description/local_setup.zsh
[5.119s] -- Symlinking: /home/shishir/origami/ros2_ws/install/ur_description/share/ur_description/local_setup.dsv
[5.128s] -- Symlinking: /home/shishir/origami/ros2_ws/install/ur_description/share/ur_description/package.dsv
[5.140s] -- Symlinking: /home/shishir/origami/ros2_ws/install/ur_description/share/ament_index/resource_index/packages/ur_description
[5.151s] -- Symlinking: /home/shishir/origami/ros2_ws/install/ur_description/share/ur_description/cmake/ur_descriptionConfig.cmake
[5.160s] -- Symlinking: /home/shishir/origami/ros2_ws/install/ur_description/share/ur_description/cmake/ur_descriptionConfig-version.cmake
[5.170s] -- Symlinking: /home/shishir/origami/ros2_ws/install/ur_description/share/ur_description/package.xml
[5.188s] Invoked command in '/home/shishir/origami/ros2_ws/build/ur_description' returned '0': CMAKE_PREFIX_PATH=${CMAKE_PREFIX_PATH}:/opt/ros/humble /usr/bin/cmake --install /home/shishir/origami/ros2_ws/build/ur_description
