[0.159s] Invoking command in '/home/shishir/origami/ros2_ws/build/ur_description': CMAKE_PREFIX_PATH=${CMAKE_PREFIX_PATH}:/opt/ros/humble /usr/bin/cmake --build /home/shishir/origami/ros2_ws/build/ur_description -- -j8 -l8
[0.919s] Invoked command in '/home/shishir/origami/ros2_ws/build/ur_description' returned '0': CMAKE_PREFIX_PATH=${CMAKE_PREFIX_PATH}:/opt/ros/humble /usr/bin/cmake --build /home/shishir/origami/ros2_ws/build/ur_description -- -j8 -l8
[0.991s] Invoking command in '/home/shishir/origami/ros2_ws/build/ur_description': CMAKE_PREFIX_PATH=${CMAKE_PREFIX_PATH}:/opt/ros/humble /usr/bin/cmake --install /home/shishir/origami/ros2_ws/build/ur_description
[1.048s] -- Install configuration: ""
[1.057s] -- Execute custom install script
[1.076s] -- Up-to-date symlink: /home/shishir/origami/ros2_ws/install/ur_description/share/ur_description/config/initial_positions.yaml
[1.085s] -- Up-to-date symlink: /home/shishir/origami/ros2_ws/install/ur_description/share/ur_description/config/ur10/default_kinematics.yaml
[1.088s] -- Up-to-date symlink: /home/shishir/origami/ros2_ws/install/ur_description/share/ur_description/config/ur10/joint_limits.yaml
[1.089s] -- Up-to-date symlink: /home/shishir/origami/ros2_ws/install/ur_description/share/ur_description/config/ur10/physical_parameters.yaml
[1.090s] -- Up-to-date symlink: /home/shishir/origami/ros2_ws/install/ur_description/share/ur_description/config/ur10/visual_parameters.yaml
[1.091s] -- Up-to-date symlink: /home/shishir/origami/ros2_ws/install/ur_description/share/ur_description/config/ur10e/default_kinematics.yaml
[1.092s] -- Up-to-date symlink: /home/shishir/origami/ros2_ws/install/ur_description/share/ur_description/config/ur10e/joint_limits.yaml
[1.092s] -- Up-to-date symlink: /home/shishir/origami/ros2_ws/install/ur_description/share/ur_description/config/ur10e/physical_parameters.yaml
[1.093s] -- Up-to-date symlink: /home/shishir/origami/ros2_ws/install/ur_description/share/ur_description/config/ur10e/visual_parameters.yaml
[1.098s] -- Up-to-date symlink: /home/shishir/origami/ros2_ws/install/ur_description/share/ur_description/config/ur12e/default_kinematics.yaml
[1.101s] -- Up-to-date symlink: /home/shishir/origami/ros2_ws/install/ur_description/share/ur_description/config/ur12e/joint_limits.yaml
[1.104s] -- Up-to-date symlink: /home/shishir/origami/ros2_ws/install/ur_description/share/ur_description/config/ur12e/physical_parameters.yaml
[1.106s] -- Up-to-date symlink: /home/shishir/origami/ros2_ws/install/ur_description/share/ur_description/config/ur12e/visual_parameters.yaml
[1.107s] -- Up-to-date symlink: /home/shishir/origami/ros2_ws/install/ur_description/share/ur_description/config/ur15/default_kinematics.yaml
[1.108s] -- Up-to-date symlink: /home/shishir/origami/ros2_ws/install/ur_description/share/ur_description/config/ur15/joint_limits.yaml
[1.110s] -- Up-to-date symlink: /home/shishir/origami/ros2_ws/install/ur_description/share/ur_description/config/ur15/physical_parameters.yaml
[1.115s] -- Up-to-date symlink: /home/shishir/origami/ros2_ws/install/ur_description/share/ur_description/config/ur15/visual_parameters.yaml
[1.119s] -- Up-to-date symlink: /home/shishir/origami/ros2_ws/install/ur_description/share/ur_description/config/ur16e/default_kinematics.yaml
[1.123s] -- Up-to-date symlink: /home/shishir/origami/ros2_ws/install/ur_description/share/ur_description/config/ur16e/joint_limits.yaml
[1.123s] -- Up-to-date symlink: /home/shishir/origami/ros2_ws/install/ur_description/share/ur_description/config/ur16e/physical_parameters.yaml
[1.124s] -- Up-to-date symlink: /home/shishir/origami/ros2_ws/install/ur_description/share/ur_description/config/ur16e/visual_parameters.yaml
[1.124s] -- Up-to-date symlink: /home/shishir/origami/ros2_ws/install/ur_description/share/ur_description/config/ur18/default_kinematics.yaml
[1.125s] -- Up-to-date symlink: /home/shishir/origami/ros2_ws/install/ur_description/share/ur_description/config/ur18/joint_limits.yaml
[1.126s] -- Up-to-date symlink: /home/shishir/origami/ros2_ws/install/ur_description/share/ur_description/config/ur18/physical_parameters.yaml
[1.126s] -- Up-to-date symlink: /home/shishir/origami/ros2_ws/install/ur_description/share/ur_description/config/ur18/visual_parameters.yaml
[1.135s] -- Up-to-date symlink: /home/shishir/origami/ros2_ws/install/ur_description/share/ur_description/config/ur20/default_kinematics.yaml
[1.140s] -- Up-to-date symlink: /home/shishir/origami/ros2_ws/install/ur_description/share/ur_description/config/ur20/joint_limits.yaml
[1.142s] -- Up-to-date symlink: /home/shishir/origami/ros2_ws/install/ur_description/share/ur_description/config/ur20/physical_parameters.yaml
[1.142s] -- Up-to-date symlink: /home/shishir/origami/ros2_ws/install/ur_description/share/ur_description/config/ur20/visual_parameters.yaml
[1.143s] -- Up-to-date symlink: /home/shishir/origami/ros2_ws/install/ur_description/share/ur_description/config/ur3/default_kinematics.yaml
[1.145s] -- Up-to-date symlink: /home/shishir/origami/ros2_ws/install/ur_description/share/ur_description/config/ur3/joint_limits.yaml
[1.149s] -- Up-to-date symlink: /home/shishir/origami/ros2_ws/install/ur_description/share/ur_description/config/ur3/physical_parameters.yaml
[1.156s] -- Up-to-date symlink: /home/shishir/origami/ros2_ws/install/ur_description/share/ur_description/config/ur3/visual_parameters.yaml
[1.159s] -- Up-to-date symlink: /home/shishir/origami/ros2_ws/install/ur_description/share/ur_description/config/ur30/default_kinematics.yaml
[1.159s] -- Up-to-date symlink: /home/shishir/origami/ros2_ws/install/ur_description/share/ur_description/config/ur30/joint_limits.yaml
[1.170s] -- Up-to-date symlink: /home/shishir/origami/ros2_ws/install/ur_description/share/ur_description/config/ur30/physical_parameters.yaml
[1.173s] -- Up-to-date symlink: /home/shishir/origami/ros2_ws/install/ur_description/share/ur_description/config/ur30/visual_parameters.yaml
[1.179s] -- Up-to-date symlink: /home/shishir/origami/ros2_ws/install/ur_description/share/ur_description/config/ur3e/default_kinematics.yaml
[1.189s] -- Up-to-date symlink: /home/shishir/origami/ros2_ws/install/ur_description/share/ur_description/config/ur3e/joint_limits.yaml
[1.190s] -- Up-to-date symlink: /home/shishir/origami/ros2_ws/install/ur_description/share/ur_description/config/ur3e/physical_parameters.yaml
[1.191s] -- Up-to-date symlink: /home/shishir/origami/ros2_ws/install/ur_description/share/ur_description/config/ur3e/visual_parameters.yaml
[1.204s] -- Up-to-date symlink: /home/shishir/origami/ros2_ws/install/ur_description/share/ur_description/config/ur5/default_kinematics.yaml
[1.206s] -- Up-to-date symlink: /home/shishir/origami/ros2_ws/install/ur_description/share/ur_description/config/ur5/joint_limits.yaml
[1.207s] -- Up-to-date symlink: /home/shishir/origami/ros2_ws/install/ur_description/share/ur_description/config/ur5/physical_parameters.yaml
[1.209s] -- Up-to-date symlink: /home/shishir/origami/ros2_ws/install/ur_description/share/ur_description/config/ur5/visual_parameters.yaml
[1.211s] -- Up-to-date symlink: /home/shishir/origami/ros2_ws/install/ur_description/share/ur_description/config/ur5e/default_kinematics.yaml
[1.220s] -- Up-to-date symlink: /home/shishir/origami/ros2_ws/install/ur_description/share/ur_description/config/ur5e/joint_limits.yaml
[1.221s] -- Up-to-date symlink: /home/shishir/origami/ros2_ws/install/ur_description/share/ur_description/config/ur5e/physical_parameters.yaml
[1.224s] -- Up-to-date symlink: /home/shishir/origami/ros2_ws/install/ur_description/share/ur_description/config/ur5e/visual_parameters.yaml
[1.226s] -- Up-to-date symlink: /home/shishir/origami/ros2_ws/install/ur_description/share/ur_description/config/ur7e/default_kinematics.yaml
[1.227s] -- Up-to-date symlink: /home/shishir/origami/ros2_ws/install/ur_description/share/ur_description/config/ur7e/joint_limits.yaml
[1.229s] -- Up-to-date symlink: /home/shishir/origami/ros2_ws/install/ur_description/share/ur_description/config/ur7e/physical_parameters.yaml
[1.236s] -- Up-to-date symlink: /home/shishir/origami/ros2_ws/install/ur_description/share/ur_description/config/ur7e/visual_parameters.yaml
[1.239s] -- Up-to-date symlink: /home/shishir/origami/ros2_ws/install/ur_description/share/ur_description/config/ur8long/default_kinematics.yaml
[1.241s] -- Up-to-date symlink: /home/shishir/origami/ros2_ws/install/ur_description/share/ur_description/config/ur8long/joint_limits.yaml
[1.242s] -- Up-to-date symlink: /home/shishir/origami/ros2_ws/install/ur_description/share/ur_description/config/ur8long/physical_parameters.yaml
[1.243s] -- Up-to-date symlink: /home/shishir/origami/ros2_ws/install/ur_description/share/ur_description/config/ur8long/visual_parameters.yaml
[1.252s] -- Up-to-date symlink: /home/shishir/origami/ros2_ws/install/ur_description/share/ur_description/launch/view_ur.launch.py
[1.293s] -- Up-to-date symlink: /home/shishir/origami/ros2_ws/install/ur_description/share/ur_description/meshes/ur10/collision/base.stl
[1.295s] -- Up-to-date symlink: /home/shishir/origami/ros2_ws/install/ur_description/share/ur_description/meshes/ur10/collision/forearm.stl
[1.301s] -- Up-to-date symlink: /home/shishir/origami/ros2_ws/install/ur_description/share/ur_description/meshes/ur10/collision/shoulder.stl
[1.306s] -- Up-to-date symlink: /home/shishir/origami/ros2_ws/install/ur_description/share/ur_description/meshes/ur10/collision/upperarm.stl
[1.309s] -- Up-to-date symlink: /home/shishir/origami/ros2_ws/install/ur_description/share/ur_description/meshes/ur10/collision/wrist1.stl
[1.310s] -- Up-to-date symlink: /home/shishir/origami/ros2_ws/install/ur_description/share/ur_description/meshes/ur10/collision/wrist2.stl
[1.310s] -- Up-to-date symlink: /home/shishir/origami/ros2_ws/install/ur_description/share/ur_description/meshes/ur10/collision/wrist3.stl
[1.311s] -- Up-to-date symlink: /home/shishir/origami/ros2_ws/install/ur_description/share/ur_description/meshes/ur10/visual/base.dae
[1.312s] -- Up-to-date symlink: /home/shishir/origami/ros2_ws/install/ur_description/share/ur_description/meshes/ur10/visual/forearm.dae
[1.312s] -- Up-to-date symlink: /home/shishir/origami/ros2_ws/install/ur_description/share/ur_description/meshes/ur10/visual/shoulder.dae
[1.320s] -- Up-to-date symlink: /home/shishir/origami/ros2_ws/install/ur_description/share/ur_description/meshes/ur10/visual/upperarm.dae
[1.326s] -- Up-to-date symlink: /home/shishir/origami/ros2_ws/install/ur_description/share/ur_description/meshes/ur10/visual/wrist1.dae
[1.328s] -- Up-to-date symlink: /home/shishir/origami/ros2_ws/install/ur_description/share/ur_description/meshes/ur10/visual/wrist2.dae
[1.329s] -- Up-to-date symlink: /home/shishir/origami/ros2_ws/install/ur_description/share/ur_description/meshes/ur10/visual/wrist3.dae
[1.330s] -- Up-to-date symlink: /home/shishir/origami/ros2_ws/install/ur_description/share/ur_description/meshes/ur10e/collision/base.stl
[1.340s] -- Up-to-date symlink: /home/shishir/origami/ros2_ws/install/ur_description/share/ur_description/meshes/ur10e/collision/forearm.stl
[1.341s] -- Up-to-date symlink: /home/shishir/origami/ros2_ws/install/ur_description/share/ur_description/meshes/ur10e/collision/shoulder.stl
[1.343s] -- Up-to-date symlink: /home/shishir/origami/ros2_ws/install/ur_description/share/ur_description/meshes/ur10e/collision/upperarm.stl
[1.344s] -- Up-to-date symlink: /home/shishir/origami/ros2_ws/install/ur_description/share/ur_description/meshes/ur10e/collision/wrist1.stl
[1.345s] -- Up-to-date symlink: /home/shishir/origami/ros2_ws/install/ur_description/share/ur_description/meshes/ur10e/collision/wrist2.stl
[1.345s] -- Up-to-date symlink: /home/shishir/origami/ros2_ws/install/ur_description/share/ur_description/meshes/ur10e/collision/wrist3.stl
[1.346s] -- Up-to-date symlink: /home/shishir/origami/ros2_ws/install/ur_description/share/ur_description/meshes/ur10e/visual/base.dae
[1.349s] -- Up-to-date symlink: /home/shishir/origami/ros2_ws/install/ur_description/share/ur_description/meshes/ur10e/visual/forearm.dae
[1.359s] -- Up-to-date symlink: /home/shishir/origami/ros2_ws/install/ur_description/share/ur_description/meshes/ur10e/visual/shoulder.dae
[1.360s] -- Up-to-date symlink: /home/shishir/origami/ros2_ws/install/ur_description/share/ur_description/meshes/ur10e/visual/upperarm.dae
[1.362s] -- Up-to-date symlink: /home/shishir/origami/ros2_ws/install/ur_description/share/ur_description/meshes/ur10e/visual/wrist1.dae
[1.363s] -- Up-to-date symlink: /home/shishir/origami/ros2_ws/install/ur_description/share/ur_description/meshes/ur10e/visual/wrist2.dae
[1.364s] -- Up-to-date symlink: /home/shishir/origami/ros2_ws/install/ur_description/share/ur_description/meshes/ur10e/visual/wrist3.dae
[1.370s] -- Up-to-date symlink: /home/shishir/origami/ros2_ws/install/ur_description/share/ur_description/meshes/ur15/LICENSE.txt
[1.373s] -- Up-to-date symlink: /home/shishir/origami/ros2_ws/install/ur_description/share/ur_description/meshes/ur15/collision/base.stl
[1.376s] -- Up-to-date symlink: /home/shishir/origami/ros2_ws/install/ur_description/share/ur_description/meshes/ur15/collision/forearm.stl
[1.376s] -- Up-to-date symlink: /home/shishir/origami/ros2_ws/install/ur_description/share/ur_description/meshes/ur15/collision/shoulder.stl
[1.377s] -- Up-to-date symlink: /home/shishir/origami/ros2_ws/install/ur_description/share/ur_description/meshes/ur15/collision/upperarm.stl
[1.377s] -- Up-to-date symlink: /home/shishir/origami/ros2_ws/install/ur_description/share/ur_description/meshes/ur15/collision/wrist1.stl
[1.378s] -- Up-to-date symlink: /home/shishir/origami/ros2_ws/install/ur_description/share/ur_description/meshes/ur15/collision/wrist2.stl
[1.378s] -- Up-to-date symlink: /home/shishir/origami/ros2_ws/install/ur_description/share/ur_description/meshes/ur15/collision/wrist3.stl
[1.379s] -- Up-to-date symlink: /home/shishir/origami/ros2_ws/install/ur_description/share/ur_description/meshes/ur15/visual/UR15_DIFF_8bit_2K.jpg
[1.389s] -- Up-to-date symlink: /home/shishir/origami/ros2_ws/install/ur_description/share/ur_description/meshes/ur15/visual/base.dae
[1.392s] -- Up-to-date symlink: /home/shishir/origami/ros2_ws/install/ur_description/share/ur_description/meshes/ur15/visual/forearm.dae
[1.393s] -- Up-to-date symlink: /home/shishir/origami/ros2_ws/install/ur_description/share/ur_description/meshes/ur15/visual/shoulder.dae
[1.400s] -- Up-to-date symlink: /home/shishir/origami/ros2_ws/install/ur_description/share/ur_description/meshes/ur15/visual/upperarm.dae
[1.405s] -- Up-to-date symlink: /home/shishir/origami/ros2_ws/install/ur_description/share/ur_description/meshes/ur15/visual/wrist1.dae
[1.406s] -- Up-to-date symlink: /home/shishir/origami/ros2_ws/install/ur_description/share/ur_description/meshes/ur15/visual/wrist2.dae
[1.407s] -- Up-to-date symlink: /home/shishir/origami/ros2_ws/install/ur_description/share/ur_description/meshes/ur15/visual/wrist3.dae
[1.411s] -- Up-to-date symlink: /home/shishir/origami/ros2_ws/install/ur_description/share/ur_description/meshes/ur16e/collision/forearm.stl
[1.412s] -- Up-to-date symlink: /home/shishir/origami/ros2_ws/install/ur_description/share/ur_description/meshes/ur16e/collision/upperarm.stl
[1.421s] -- Up-to-date symlink: /home/shishir/origami/ros2_ws/install/ur_description/share/ur_description/meshes/ur16e/visual/forearm.dae
[1.423s] -- Up-to-date symlink: /home/shishir/origami/ros2_ws/install/ur_description/share/ur_description/meshes/ur16e/visual/upperarm.dae
[1.425s] -- Up-to-date symlink: /home/shishir/origami/ros2_ws/install/ur_description/share/ur_description/meshes/ur18/LICENSE.txt
[1.426s] -- Up-to-date symlink: /home/shishir/origami/ros2_ws/install/ur_description/share/ur_description/meshes/ur18/collision/forearm.stl
[1.427s] -- Up-to-date symlink: /home/shishir/origami/ros2_ws/install/ur_description/share/ur_description/meshes/ur18/collision/upperarm.stl
[1.430s] -- Up-to-date symlink: /home/shishir/origami/ros2_ws/install/ur_description/share/ur_description/meshes/ur18/visual/UR18_DIFF_8bit_2K.jpg
[1.434s] -- Up-to-date symlink: /home/shishir/origami/ros2_ws/install/ur_description/share/ur_description/meshes/ur18/visual/forearm.dae
[1.435s] -- Up-to-date symlink: /home/shishir/origami/ros2_ws/install/ur_description/share/ur_description/meshes/ur18/visual/upperarm.dae
[1.437s] -- Up-to-date symlink: /home/shishir/origami/ros2_ws/install/ur_description/share/ur_description/meshes/ur20/LICENSE.txt
[1.441s] -- Up-to-date symlink: /home/shishir/origami/ros2_ws/install/ur_description/share/ur_description/meshes/ur20/collision/base.stl
[1.444s] -- Up-to-date symlink: /home/shishir/origami/ros2_ws/install/ur_description/share/ur_description/meshes/ur20/collision/forearm.stl
[1.444s] -- Up-to-date symlink: /home/shishir/origami/ros2_ws/install/ur_description/share/ur_description/meshes/ur20/collision/shoulder.stl
[1.444s] -- Up-to-date symlink: /home/shishir/origami/ros2_ws/install/ur_description/share/ur_description/meshes/ur20/collision/upperarm.stl
[1.445s] -- Up-to-date symlink: /home/shishir/origami/ros2_ws/install/ur_description/share/ur_description/meshes/ur20/collision/wrist1.stl
[1.449s] -- Up-to-date symlink: /home/shishir/origami/ros2_ws/install/ur_description/share/ur_description/meshes/ur20/collision/wrist2.stl
[1.453s] -- Up-to-date symlink: /home/shishir/origami/ros2_ws/install/ur_description/share/ur_description/meshes/ur20/collision/wrist3.stl
[1.456s] -- Up-to-date symlink: /home/shishir/origami/ros2_ws/install/ur_description/share/ur_description/meshes/ur20/visual/UR20_DIFF_8bit_2K.png
[1.461s] -- Up-to-date symlink: /home/shishir/origami/ros2_ws/install/ur_description/share/ur_description/meshes/ur20/visual/base.dae
[1.467s] -- Up-to-date symlink: /home/shishir/origami/ros2_ws/install/ur_description/share/ur_description/meshes/ur20/visual/forearm.dae
[1.474s] -- Up-to-date symlink: /home/shishir/origami/ros2_ws/install/ur_description/share/ur_description/meshes/ur20/visual/shoulder.dae
[1.475s] -- Up-to-date symlink: /home/shishir/origami/ros2_ws/install/ur_description/share/ur_description/meshes/ur20/visual/upperarm.dae
[1.476s] -- Up-to-date symlink: /home/shishir/origami/ros2_ws/install/ur_description/share/ur_description/meshes/ur20/visual/wrist1.dae
[1.476s] -- Up-to-date symlink: /home/shishir/origami/ros2_ws/install/ur_description/share/ur_description/meshes/ur20/visual/wrist2.dae
[1.476s] -- Up-to-date symlink: /home/shishir/origami/ros2_ws/install/ur_description/share/ur_description/meshes/ur20/visual/wrist3.dae
[1.478s] -- Up-to-date symlink: /home/shishir/origami/ros2_ws/install/ur_description/share/ur_description/meshes/ur3/collision/base.stl
[1.483s] -- Up-to-date symlink: /home/shishir/origami/ros2_ws/install/ur_description/share/ur_description/meshes/ur3/collision/forearm.stl
[1.485s] -- Up-to-date symlink: /home/shishir/origami/ros2_ws/install/ur_description/share/ur_description/meshes/ur3/collision/shoulder.stl
[1.488s] -- Up-to-date symlink: /home/shishir/origami/ros2_ws/install/ur_description/share/ur_description/meshes/ur3/collision/upperarm.stl
[1.490s] -- Up-to-date symlink: /home/shishir/origami/ros2_ws/install/ur_description/share/ur_description/meshes/ur3/collision/wrist1.stl
[1.491s] -- Up-to-date symlink: /home/shishir/origami/ros2_ws/install/ur_description/share/ur_description/meshes/ur3/collision/wrist2.stl
[1.492s] -- Up-to-date symlink: /home/shishir/origami/ros2_ws/install/ur_description/share/ur_description/meshes/ur3/collision/wrist3.stl
[1.496s] -- Up-to-date symlink: /home/shishir/origami/ros2_ws/install/ur_description/share/ur_description/meshes/ur3/visual/base.dae
[1.499s] -- Up-to-date symlink: /home/shishir/origami/ros2_ws/install/ur_description/share/ur_description/meshes/ur3/visual/forearm.dae
[1.502s] -- Up-to-date symlink: /home/shishir/origami/ros2_ws/install/ur_description/share/ur_description/meshes/ur3/visual/shoulder.dae
[1.503s] -- Up-to-date symlink: /home/shishir/origami/ros2_ws/install/ur_description/share/ur_description/meshes/ur3/visual/upperarm.dae
[1.506s] -- Up-to-date symlink: /home/shishir/origami/ros2_ws/install/ur_description/share/ur_description/meshes/ur3/visual/wrist1.dae
[1.508s] -- Up-to-date symlink: /home/shishir/origami/ros2_ws/install/ur_description/share/ur_description/meshes/ur3/visual/wrist2.dae
[1.509s] -- Up-to-date symlink: /home/shishir/origami/ros2_ws/install/ur_description/share/ur_description/meshes/ur3/visual/wrist3.dae
[1.510s] -- Up-to-date symlink: /home/shishir/origami/ros2_ws/install/ur_description/share/ur_description/meshes/ur30/LICENSE.txt
[1.510s] -- Up-to-date symlink: /home/shishir/origami/ros2_ws/install/ur_description/share/ur_description/meshes/ur30/collision/forearm.stl
[1.514s] -- Up-to-date symlink: /home/shishir/origami/ros2_ws/install/ur_description/share/ur_description/meshes/ur30/collision/upperarm.stl
[1.519s] -- Up-to-date symlink: /home/shishir/origami/ros2_ws/install/ur_description/share/ur_description/meshes/ur30/visual/UR30_DIFF_8bit_2K.png
[1.520s] -- Up-to-date symlink: /home/shishir/origami/ros2_ws/install/ur_description/share/ur_description/meshes/ur30/visual/forearm.dae
[1.521s] -- Up-to-date symlink: /home/shishir/origami/ros2_ws/install/ur_description/share/ur_description/meshes/ur30/visual/upperarm.dae
[1.525s] -- Up-to-date symlink: /home/shishir/origami/ros2_ws/install/ur_description/share/ur_description/meshes/ur3e/collision/base.stl
[1.526s] -- Up-to-date symlink: /home/shishir/origami/ros2_ws/install/ur_description/share/ur_description/meshes/ur3e/collision/forearm.stl
[1.526s] -- Up-to-date symlink: /home/shishir/origami/ros2_ws/install/ur_description/share/ur_description/meshes/ur3e/collision/shoulder.stl
[1.527s] -- Up-to-date symlink: /home/shishir/origami/ros2_ws/install/ur_description/share/ur_description/meshes/ur3e/collision/upperarm.stl
[1.528s] -- Up-to-date symlink: /home/shishir/origami/ros2_ws/install/ur_description/share/ur_description/meshes/ur3e/collision/wrist1.stl
[1.529s] -- Up-to-date symlink: /home/shishir/origami/ros2_ws/install/ur_description/share/ur_description/meshes/ur3e/collision/wrist2.stl
[1.532s] -- Up-to-date symlink: /home/shishir/origami/ros2_ws/install/ur_description/share/ur_description/meshes/ur3e/collision/wrist3.stl
[1.539s] -- Up-to-date symlink: /home/shishir/origami/ros2_ws/install/ur_description/share/ur_description/meshes/ur3e/visual/base.dae
[1.542s] -- Up-to-date symlink: /home/shishir/origami/ros2_ws/install/ur_description/share/ur_description/meshes/ur3e/visual/forearm.dae
[1.544s] -- Up-to-date symlink: /home/shishir/origami/ros2_ws/install/ur_description/share/ur_description/meshes/ur3e/visual/shoulder.dae
[1.544s] -- Up-to-date symlink: /home/shishir/origami/ros2_ws/install/ur_description/share/ur_description/meshes/ur3e/visual/upperarm.dae
[1.544s] -- Up-to-date symlink: /home/shishir/origami/ros2_ws/install/ur_description/share/ur_description/meshes/ur3e/visual/wrist1.dae
[1.548s] -- Up-to-date symlink: /home/shishir/origami/ros2_ws/install/ur_description/share/ur_description/meshes/ur3e/visual/wrist2.dae
[1.553s] -- Up-to-date symlink: /home/shishir/origami/ros2_ws/install/ur_description/share/ur_description/meshes/ur3e/visual/wrist3.dae
[1.557s] -- Up-to-date symlink: /home/shishir/origami/ros2_ws/install/ur_description/share/ur_description/meshes/ur5/collision/base.stl
[1.563s] -- Up-to-date symlink: /home/shishir/origami/ros2_ws/install/ur_description/share/ur_description/meshes/ur5/collision/forearm.stl
[1.563s] -- Up-to-date symlink: /home/shishir/origami/ros2_ws/install/ur_description/share/ur_description/meshes/ur5/collision/shoulder.stl
[1.563s] -- Up-to-date symlink: /home/shishir/origami/ros2_ws/install/ur_description/share/ur_description/meshes/ur5/collision/upperarm.stl
[1.570s] -- Up-to-date symlink: /home/shishir/origami/ros2_ws/install/ur_description/share/ur_description/meshes/ur5/collision/wrist1.stl
[1.574s] -- Up-to-date symlink: /home/shishir/origami/ros2_ws/install/ur_description/share/ur_description/meshes/ur5/collision/wrist2.stl
[1.577s] -- Up-to-date symlink: /home/shishir/origami/ros2_ws/install/ur_description/share/ur_description/meshes/ur5/collision/wrist3.stl
[1.578s] -- Up-to-date symlink: /home/shishir/origami/ros2_ws/install/ur_description/share/ur_description/meshes/ur5/visual/base.dae
[1.579s] -- Up-to-date symlink: /home/shishir/origami/ros2_ws/install/ur_description/share/ur_description/meshes/ur5/visual/forearm.dae
[1.580s] -- Up-to-date symlink: /home/shishir/origami/ros2_ws/install/ur_description/share/ur_description/meshes/ur5/visual/shoulder.dae
[1.581s] -- Up-to-date symlink: /home/shishir/origami/ros2_ws/install/ur_description/share/ur_description/meshes/ur5/visual/upperarm.dae
[1.595s] -- Up-to-date symlink: /home/shishir/origami/ros2_ws/install/ur_description/share/ur_description/meshes/ur5/visual/wrist1.dae
[1.596s] -- Up-to-date symlink: /home/shishir/origami/ros2_ws/install/ur_description/share/ur_description/meshes/ur5/visual/wrist2.dae
[1.596s] -- Up-to-date symlink: /home/shishir/origami/ros2_ws/install/ur_description/share/ur_description/meshes/ur5/visual/wrist3.dae
[1.596s] -- Up-to-date symlink: /home/shishir/origami/ros2_ws/install/ur_description/share/ur_description/meshes/ur5e/collision/base.stl
[1.596s] -- Up-to-date symlink: /home/shishir/origami/ros2_ws/install/ur_description/share/ur_description/meshes/ur5e/collision/forearm.stl
[1.597s] -- Up-to-date symlink: /home/shishir/origami/ros2_ws/install/ur_description/share/ur_description/meshes/ur5e/collision/shoulder.stl
[1.597s] -- Up-to-date symlink: /home/shishir/origami/ros2_ws/install/ur_description/share/ur_description/meshes/ur5e/collision/upperarm.stl
[1.598s] -- Up-to-date symlink: /home/shishir/origami/ros2_ws/install/ur_description/share/ur_description/meshes/ur5e/collision/wrist1.stl
[1.598s] -- Up-to-date symlink: /home/shishir/origami/ros2_ws/install/ur_description/share/ur_description/meshes/ur5e/collision/wrist2.stl
[1.598s] -- Up-to-date symlink: /home/shishir/origami/ros2_ws/install/ur_description/share/ur_description/meshes/ur5e/collision/wrist3.stl
[1.605s] -- Up-to-date symlink: /home/shishir/origami/ros2_ws/install/ur_description/share/ur_description/meshes/ur5e/visual/base.dae
[1.605s] -- Up-to-date symlink: /home/shishir/origami/ros2_ws/install/ur_description/share/ur_description/meshes/ur5e/visual/forearm.dae
[1.606s] -- Up-to-date symlink: /home/shishir/origami/ros2_ws/install/ur_description/share/ur_description/meshes/ur5e/visual/shoulder.dae
[1.612s] -- Up-to-date symlink: /home/shishir/origami/ros2_ws/install/ur_description/share/ur_description/meshes/ur5e/visual/upperarm.dae
[1.629s] -- Up-to-date symlink: /home/shishir/origami/ros2_ws/install/ur_description/share/ur_description/meshes/ur5e/visual/wrist1.dae
[1.633s] -- Up-to-date symlink: /home/shishir/origami/ros2_ws/install/ur_description/share/ur_description/meshes/ur5e/visual/wrist2.dae
[1.634s] -- Up-to-date symlink: /home/shishir/origami/ros2_ws/install/ur_description/share/ur_description/meshes/ur5e/visual/wrist3.dae
[1.635s] -- Up-to-date symlink: /home/shishir/origami/ros2_ws/install/ur_description/share/ur_description/meshes/ur8long/LICENSE.txt
[1.635s] -- Up-to-date symlink: /home/shishir/origami/ros2_ws/install/ur_description/share/ur_description/meshes/ur8long/collision/forearm.stl
[1.636s] -- Up-to-date symlink: /home/shishir/origami/ros2_ws/install/ur_description/share/ur_description/meshes/ur8long/collision/upperarm.stl
[1.641s] -- Up-to-date symlink: /home/shishir/origami/ros2_ws/install/ur_description/share/ur_description/meshes/ur8long/visual/UR8Long_DIFF_8bit_2K.jpg
[1.642s] -- Up-to-date symlink: /home/shishir/origami/ros2_ws/install/ur_description/share/ur_description/meshes/ur8long/visual/forearm.dae
[1.656s] -- Up-to-date symlink: /home/shishir/origami/ros2_ws/install/ur_description/share/ur_description/meshes/ur8long/visual/upperarm.dae
[1.656s] -- Up-to-date symlink: /home/shishir/origami/ros2_ws/install/ur_description/share/ur_description/rviz/view_robot.rviz
[1.656s] -- Up-to-date symlink: /home/shishir/origami/ros2_ws/install/ur_description/share/ur_description/urdf/inc/ur_common.xacro
[1.663s] -- Up-to-date symlink: /home/shishir/origami/ros2_ws/install/ur_description/share/ur_description/urdf/inc/ur_transmissions.xacro
[1.668s] -- Up-to-date symlink: /home/shishir/origami/ros2_ws/install/ur_description/share/ur_description/urdf/multi_ur5.urdf.xacro
[1.669s] -- Up-to-date symlink: /home/shishir/origami/ros2_ws/install/ur_description/share/ur_description/urdf/ur.ros2_control.xacro
[1.671s] -- Up-to-date symlink: /home/shishir/origami/ros2_ws/install/ur_description/share/ur_description/urdf/ur.urdf.xacro
[1.672s] -- Up-to-date symlink: /home/shishir/origami/ros2_ws/install/ur_description/share/ur_description/urdf/ur_macro.xacro
[1.679s] -- Up-to-date symlink: /home/shishir/origami/ros2_ws/install/ur_description/share/ur_description/test/test_ur_urdf_xacro.py
[1.685s] -- Up-to-date symlink: /home/shishir/origami/ros2_ws/install/ur_description/share/ur_description/test/test_view_ur_launch.py
[1.691s] -- Up-to-date symlink: /home/shishir/origami/ros2_ws/install/ur_description/share/ament_index/resource_index/package_run_dependencies/ur_description
[1.694s] -- Up-to-date symlink: /home/shishir/origami/ros2_ws/install/ur_description/share/ament_index/resource_index/parent_prefix_path/ur_description
[1.699s] -- Up-to-date symlink: /home/shishir/origami/ros2_ws/install/ur_description/share/ur_description/environment/ament_prefix_path.sh
[1.700s] -- Up-to-date symlink: /home/shishir/origami/ros2_ws/install/ur_description/share/ur_description/environment/ament_prefix_path.dsv
[1.702s] -- Up-to-date symlink: /home/shishir/origami/ros2_ws/install/ur_description/share/ur_description/environment/path.sh
[1.704s] -- Up-to-date symlink: /home/shishir/origami/ros2_ws/install/ur_description/share/ur_description/environment/path.dsv
[1.710s] -- Up-to-date symlink: /home/shishir/origami/ros2_ws/install/ur_description/share/ur_description/local_setup.bash
[1.713s] -- Up-to-date symlink: /home/shishir/origami/ros2_ws/install/ur_description/share/ur_description/local_setup.sh
[1.719s] -- Up-to-date symlink: /home/shishir/origami/ros2_ws/install/ur_description/share/ur_description/local_setup.zsh
[1.721s] -- Up-to-date symlink: /home/shishir/origami/ros2_ws/install/ur_description/share/ur_description/local_setup.dsv
[1.722s] -- Symlinking: /home/shishir/origami/ros2_ws/install/ur_description/share/ur_description/package.dsv
[1.828s] -- Up-to-date symlink: /home/shishir/origami/ros2_ws/install/ur_description/share/ament_index/resource_index/packages/ur_description
[1.829s] -- Up-to-date symlink: /home/shishir/origami/ros2_ws/install/ur_description/share/ur_description/cmake/ur_descriptionConfig.cmake
[1.829s] -- Up-to-date symlink: /home/shishir/origami/ros2_ws/install/ur_description/share/ur_description/cmake/ur_descriptionConfig-version.cmake
[1.841s] -- Up-to-date symlink: /home/shishir/origami/ros2_ws/install/ur_description/share/ur_description/package.xml
[1.855s] Invoked command in '/home/shishir/origami/ros2_ws/build/ur_description' returned '0': CMAKE_PREFIX_PATH=${CMAKE_PREFIX_PATH}:/opt/ros/humble /usr/bin/cmake --install /home/shishir/origami/ros2_ws/build/ur_description
