[0.007s] Invoking command in '/home/shishir/origami/ros2_ws/build/ur_simulation_gazebo': AMENT_PREFIX_PATH=/home/shishir/origami/ros2_ws/install/ur_description:${AMENT_PREFIX_PATH} CMAKE_PREFIX_PATH=/home/shishir/origami/ros2_ws/install/ur_description:/opt/ros/humble /usr/bin/cmake --build /home/shishir/origami/ros2_ws/build/ur_simulation_gazebo -- -j8 -l8
[0.048s] Invoked command in '/home/shishir/origami/ros2_ws/build/ur_simulation_gazebo' returned '0': AMENT_PREFIX_PATH=/home/shishir/origami/ros2_ws/install/ur_description:${AMENT_PREFIX_PATH} CMAKE_PREFIX_PATH=/home/shishir/origami/ros2_ws/install/ur_description:/opt/ros/humble /usr/bin/cmake --build /home/shishir/origami/ros2_ws/build/ur_simulation_gazebo -- -j8 -l8
[0.050s] Invoking command in '/home/shishir/origami/ros2_ws/build/ur_simulation_gazebo': AMENT_PREFIX_PATH=/home/shishir/origami/ros2_ws/install/ur_description:${AMENT_PREFIX_PATH} CMAKE_PREFIX_PATH=/home/shishir/origami/ros2_ws/install/ur_description:/opt/ros/humble /usr/bin/cmake --install /home/shishir/origami/ros2_ws/build/ur_simulation_gazebo
[0.058s] -- Install configuration: ""
[0.058s] -- Execute custom install script
[0.059s] -- Up-to-date symlink: /home/shishir/origami/ros2_ws/install/ur_simulation_gazebo/share/ur_simulation_gazebo/config/ur_controllers.yaml
[0.059s] -- Up-to-date symlink: /home/shishir/origami/ros2_ws/install/ur_simulation_gazebo/share/ur_simulation_gazebo/launch/ur_sim_control.launch.py
[0.060s] -- Up-to-date symlink: /home/shishir/origami/ros2_ws/install/ur_simulation_gazebo/share/ur_simulation_gazebo/launch/ur_sim_moveit.launch.py
[0.060s] -- Up-to-date symlink: /home/shishir/origami/ros2_ws/install/ur_simulation_gazebo/share/ament_index/resource_index/package_run_dependencies/ur_simulation_gazebo
[0.061s] -- Up-to-date symlink: /home/shishir/origami/ros2_ws/install/ur_simulation_gazebo/share/ament_index/resource_index/parent_prefix_path/ur_simulation_gazebo
[0.061s] -- Up-to-date symlink: /home/shishir/origami/ros2_ws/install/ur_simulation_gazebo/share/ur_simulation_gazebo/environment/ament_prefix_path.sh
[0.061s] -- Up-to-date symlink: /home/shishir/origami/ros2_ws/install/ur_simulation_gazebo/share/ur_simulation_gazebo/environment/ament_prefix_path.dsv
[0.062s] -- Up-to-date symlink: /home/shishir/origami/ros2_ws/install/ur_simulation_gazebo/share/ur_simulation_gazebo/environment/path.sh
[0.062s] -- Up-to-date symlink: /home/shishir/origami/ros2_ws/install/ur_simulation_gazebo/share/ur_simulation_gazebo/environment/path.dsv
[0.062s] -- Up-to-date symlink: /home/shishir/origami/ros2_ws/install/ur_simulation_gazebo/share/ur_simulation_gazebo/local_setup.bash
[0.062s] -- Up-to-date symlink: /home/shishir/origami/ros2_ws/install/ur_simulation_gazebo/share/ur_simulation_gazebo/local_setup.sh
[0.063s] -- Up-to-date symlink: /home/shishir/origami/ros2_ws/install/ur_simulation_gazebo/share/ur_simulation_gazebo/local_setup.zsh
[0.063s] -- Up-to-date symlink: /home/shishir/origami/ros2_ws/install/ur_simulation_gazebo/share/ur_simulation_gazebo/local_setup.dsv
[0.063s] -- Symlinking: /home/shishir/origami/ros2_ws/install/ur_simulation_gazebo/share/ur_simulation_gazebo/package.dsv
[0.072s] -- Up-to-date symlink: /home/shishir/origami/ros2_ws/install/ur_simulation_gazebo/share/ament_index/resource_index/packages/ur_simulation_gazebo
[0.073s] -- Up-to-date symlink: /home/shishir/origami/ros2_ws/install/ur_simulation_gazebo/share/ur_simulation_gazebo/cmake/ur_simulation_gazeboConfig.cmake
[0.073s] -- Up-to-date symlink: /home/shishir/origami/ros2_ws/install/ur_simulation_gazebo/share/ur_simulation_gazebo/cmake/ur_simulation_gazeboConfig-version.cmake
[0.074s] -- Up-to-date symlink: /home/shishir/origami/ros2_ws/install/ur_simulation_gazebo/share/ur_simulation_gazebo/package.xml
[0.078s] Invoked command in '/home/shishir/origami/ros2_ws/build/ur_simulation_gazebo' returned '0': AMENT_PREFIX_PATH=/home/shishir/origami/ros2_ws/install/ur_description:${AMENT_PREFIX_PATH} CMAKE_PREFIX_PATH=/home/shishir/origami/ros2_ws/install/ur_description:/opt/ros/humble /usr/bin/cmake --install /home/shishir/origami/ros2_ws/build/ur_simulation_gazebo
