[0.009s] Invoking command in '/home/shishir/origami/ros2_ws/build/ur_simulation_gazebo': CMAKE_PREFIX_PATH=/home/shishir/origami/ros2_ws/install/ur_description:/home/shishir/origami/ros2_ws/install/ur_simulation_gazebo:/opt/ros/humble /usr/bin/cmake --build /home/shishir/origami/ros2_ws/build/ur_simulation_gazebo -- -j8 -l8
[0.049s] Invoked command in '/home/shishir/origami/ros2_ws/build/ur_simulation_gazebo' returned '0': CMAKE_PREFIX_PATH=/home/shishir/origami/ros2_ws/install/ur_description:/home/shishir/origami/ros2_ws/install/ur_simulation_gazebo:/opt/ros/humble /usr/bin/cmake --build /home/shishir/origami/ros2_ws/build/ur_simulation_gazebo -- -j8 -l8
[0.053s] Invoking command in '/home/shishir/origami/ros2_ws/build/ur_simulation_gazebo': CMAKE_PREFIX_PATH=/home/shishir/origami/ros2_ws/install/ur_description:/home/shishir/origami/ros2_ws/install/ur_simulation_gazebo:/opt/ros/humble /usr/bin/cmake --install /home/shishir/origami/ros2_ws/build/ur_simulation_gazebo
[0.060s] -- Install configuration: ""
[0.060s] -- Execute custom install script
[0.062s] -- Up-to-date symlink: /home/shishir/origami/ros2_ws/install/ur_simulation_gazebo/share/ur_simulation_gazebo/config/ur_controllers.yaml
[0.063s] -- Up-to-date symlink: /home/shishir/origami/ros2_ws/install/ur_simulation_gazebo/share/ur_simulation_gazebo/launch/ur_sim_control.launch.py
[0.063s] -- Up-to-date symlink: /home/shishir/origami/ros2_ws/install/ur_simulation_gazebo/share/ur_simulation_gazebo/launch/ur_sim_moveit.launch.py
[0.063s] -- Up-to-date symlink: /home/shishir/origami/ros2_ws/install/ur_simulation_gazebo/share/ament_index/resource_index/package_run_dependencies/ur_simulation_gazebo
[0.064s] -- Up-to-date symlink: /home/shishir/origami/ros2_ws/install/ur_simulation_gazebo/share/ament_index/resource_index/parent_prefix_path/ur_simulation_gazebo
[0.065s] -- Up-to-date symlink: /home/shishir/origami/ros2_ws/install/ur_simulation_gazebo/share/ur_simulation_gazebo/environment/ament_prefix_path.sh
[0.065s] -- Up-to-date symlink: /home/shishir/origami/ros2_ws/install/ur_simulation_gazebo/share/ur_simulation_gazebo/environment/ament_prefix_path.dsv
[0.065s] -- Up-to-date symlink: /home/shishir/origami/ros2_ws/install/ur_simulation_gazebo/share/ur_simulation_gazebo/environment/path.sh
[0.066s] -- Up-to-date symlink: /home/shishir/origami/ros2_ws/install/ur_simulation_gazebo/share/ur_simulation_gazebo/environment/path.dsv
[0.066s] -- Up-to-date symlink: /home/shishir/origami/ros2_ws/install/ur_simulation_gazebo/share/ur_simulation_gazebo/local_setup.bash
[0.067s] -- Up-to-date symlink: /home/shishir/origami/ros2_ws/install/ur_simulation_gazebo/share/ur_simulation_gazebo/local_setup.sh
[0.067s] -- Up-to-date symlink: /home/shishir/origami/ros2_ws/install/ur_simulation_gazebo/share/ur_simulation_gazebo/local_setup.zsh
[0.068s] -- Up-to-date symlink: /home/shishir/origami/ros2_ws/install/ur_simulation_gazebo/share/ur_simulation_gazebo/local_setup.dsv
[0.068s] -- Symlinking: /home/shishir/origami/ros2_ws/install/ur_simulation_gazebo/share/ur_simulation_gazebo/package.dsv
[0.077s] -- Up-to-date symlink: /home/shishir/origami/ros2_ws/install/ur_simulation_gazebo/share/ament_index/resource_index/packages/ur_simulation_gazebo
[0.078s] -- Up-to-date symlink: /home/shishir/origami/ros2_ws/install/ur_simulation_gazebo/share/ur_simulation_gazebo/cmake/ur_simulation_gazeboConfig.cmake
[0.078s] -- Up-to-date symlink: /home/shishir/origami/ros2_ws/install/ur_simulation_gazebo/share/ur_simulation_gazebo/cmake/ur_simulation_gazeboConfig-version.cmake
[0.078s] -- Up-to-date symlink: /home/shishir/origami/ros2_ws/install/ur_simulation_gazebo/share/ur_simulation_gazebo/package.xml
[0.081s] Invoked command in '/home/shishir/origami/ros2_ws/build/ur_simulation_gazebo' returned '0': CMAKE_PREFIX_PATH=/home/shishir/origami/ros2_ws/install/ur_description:/home/shishir/origami/ros2_ws/install/ur_simulation_gazebo:/opt/ros/humble /usr/bin/cmake --install /home/shishir/origami/ros2_ws/build/ur_simulation_gazebo
