[0.089s] Invoking command in '/home/shishir/origami/ros2_ws/build/ur_description': CMAKE_PREFIX_PATH=/home/shishir/origami_ws/install/origami_ros:/opt/ros/humble /usr/bin/cmake --build /home/shishir/origami/ros2_ws/build/ur_description -- -j8 -l8
[0.398s] Invoked command in '/home/shishir/origami/ros2_ws/build/ur_description' returned '0': CMAKE_PREFIX_PATH=/home/shishir/origami_ws/install/origami_ros:/opt/ros/humble /usr/bin/cmake --build /home/shishir/origami/ros2_ws/build/ur_description -- -j8 -l8
[0.457s] Invoking command in '/home/shishir/origami/ros2_ws/build/ur_description': CMAKE_PREFIX_PATH=/home/shishir/origami_ws/install/origami_ros:/opt/ros/humble /usr/bin/cmake --install /home/shishir/origami/ros2_ws/build/ur_description
[0.498s] -- Install configuration: ""
[0.510s] -- Execute custom install script
[0.522s] -- Up-to-date symlink: /home/shishir/origami/ros2_ws/install/ur_description/share/ur_description/config/initial_positions.yaml
[0.525s] -- Up-to-date symlink: /home/shishir/origami/ros2_ws/install/ur_description/share/ur_description/config/ur10/default_kinematics.yaml
[0.529s] -- Up-to-date symlink: /home/shishir/origami/ros2_ws/install/ur_description/share/ur_description/config/ur10/joint_limits.yaml
[0.530s] -- Up-to-date symlink: /home/shishir/origami/ros2_ws/install/ur_description/share/ur_description/config/ur10/physical_parameters.yaml
[0.530s] -- Up-to-date symlink: /home/shishir/origami/ros2_ws/install/ur_description/share/ur_description/config/ur10/visual_parameters.yaml
[0.530s] -- Up-to-date symlink: /home/shishir/origami/ros2_ws/install/ur_description/share/ur_description/config/ur10e/default_kinematics.yaml
[0.539s] -- Up-to-date symlink: /home/shishir/origami/ros2_ws/install/ur_description/share/ur_description/config/ur10e/joint_limits.yaml
[0.540s] -- Up-to-date symlink: /home/shishir/origami/ros2_ws/install/ur_description/share/ur_description/config/ur10e/physical_parameters.yaml
[0.541s] -- Up-to-date symlink: /home/shishir/origami/ros2_ws/install/ur_description/share/ur_description/config/ur10e/visual_parameters.yaml
[0.546s] -- Up-to-date symlink: /home/shishir/origami/ros2_ws/install/ur_description/share/ur_description/config/ur12e/default_kinematics.yaml
[0.547s] -- Up-to-date symlink: /home/shishir/origami/ros2_ws/install/ur_description/share/ur_description/config/ur12e/joint_limits.yaml
[0.548s] -- Up-to-date symlink: /home/shishir/origami/ros2_ws/install/ur_description/share/ur_description/config/ur12e/physical_parameters.yaml
[0.550s] -- Up-to-date symlink: /home/shishir/origami/ros2_ws/install/ur_description/share/ur_description/config/ur12e/visual_parameters.yaml
[0.551s] -- Up-to-date symlink: /home/shishir/origami/ros2_ws/install/ur_description/share/ur_description/config/ur15/default_kinematics.yaml
[0.552s] -- Up-to-date symlink: /home/shishir/origami/ros2_ws/install/ur_description/share/ur_description/config/ur15/joint_limits.yaml
[0.557s] -- Up-to-date symlink: /home/shishir/origami/ros2_ws/install/ur_description/share/ur_description/config/ur15/physical_parameters.yaml
[0.564s] -- Up-to-date symlink: /home/shishir/origami/ros2_ws/install/ur_description/share/ur_description/config/ur15/visual_parameters.yaml
[0.565s] -- Up-to-date symlink: /home/shishir/origami/ros2_ws/install/ur_description/share/ur_description/config/ur16e/default_kinematics.yaml
[0.565s] -- Up-to-date symlink: /home/shishir/origami/ros2_ws/install/ur_description/share/ur_description/config/ur16e/joint_limits.yaml
[0.566s] -- Up-to-date symlink: /home/shishir/origami/ros2_ws/install/ur_description/share/ur_description/config/ur16e/physical_parameters.yaml
[0.566s] -- Up-to-date symlink: /home/shishir/origami/ros2_ws/install/ur_description/share/ur_description/config/ur16e/visual_parameters.yaml
[0.566s] -- Up-to-date symlink: /home/shishir/origami/ros2_ws/install/ur_description/share/ur_description/config/ur18/default_kinematics.yaml
[0.567s] -- Up-to-date symlink: /home/shishir/origami/ros2_ws/install/ur_description/share/ur_description/config/ur18/joint_limits.yaml
[0.568s] -- Up-to-date symlink: /home/shishir/origami/ros2_ws/install/ur_description/share/ur_description/config/ur18/physical_parameters.yaml
[0.568s] -- Up-to-date symlink: /home/shishir/origami/ros2_ws/install/ur_description/share/ur_description/config/ur18/visual_parameters.yaml
[0.572s] -- Up-to-date symlink: /home/shishir/origami/ros2_ws/install/ur_description/share/ur_description/config/ur20/default_kinematics.yaml
[0.576s] -- Up-to-date symlink: /home/shishir/origami/ros2_ws/install/ur_description/share/ur_description/config/ur20/joint_limits.yaml
[0.578s] -- Up-to-date symlink: /home/shishir/origami/ros2_ws/install/ur_description/share/ur_description/config/ur20/physical_parameters.yaml
[0.584s] -- Up-to-date symlink: /home/shishir/origami/ros2_ws/install/ur_description/share/ur_description/config/ur20/visual_parameters.yaml
[0.585s] -- Up-to-date symlink: /home/shishir/origami/ros2_ws/install/ur_description/share/ur_description/config/ur3/default_kinematics.yaml
[0.585s] -- Up-to-date symlink: /home/shishir/origami/ros2_ws/install/ur_description/share/ur_description/config/ur3/joint_limits.yaml
[0.587s] -- Up-to-date symlink: /home/shishir/origami/ros2_ws/install/ur_description/share/ur_description/config/ur3/physical_parameters.yaml
[0.587s] -- Up-to-date symlink: /home/shishir/origami/ros2_ws/install/ur_description/share/ur_description/config/ur3/visual_parameters.yaml
[0.590s] -- Up-to-date symlink: /home/shishir/origami/ros2_ws/install/ur_description/share/ur_description/config/ur30/default_kinematics.yaml
[0.591s] -- Up-to-date symlink: /home/shishir/origami/ros2_ws/install/ur_description/share/ur_description/config/ur30/joint_limits.yaml
[0.592s] -- Up-to-date symlink: /home/shishir/origami/ros2_ws/install/ur_description/share/ur_description/config/ur30/physical_parameters.yaml
[0.597s] -- Up-to-date symlink: /home/shishir/origami/ros2_ws/install/ur_description/share/ur_description/config/ur30/visual_parameters.yaml
[0.606s] -- Up-to-date symlink: /home/shishir/origami/ros2_ws/install/ur_description/share/ur_description/config/ur3e/default_kinematics.yaml
[0.611s] -- Up-to-date symlink: /home/shishir/origami/ros2_ws/install/ur_description/share/ur_description/config/ur3e/joint_limits.yaml
[0.620s] -- Up-to-date symlink: /home/shishir/origami/ros2_ws/install/ur_description/share/ur_description/config/ur3e/physical_parameters.yaml
[0.620s] -- Up-to-date symlink: /home/shishir/origami/ros2_ws/install/ur_description/share/ur_description/config/ur3e/visual_parameters.yaml
[0.622s] -- Up-to-date symlink: /home/shishir/origami/ros2_ws/install/ur_description/share/ur_description/config/ur5/default_kinematics.yaml
[0.624s] -- Up-to-date symlink: /home/shishir/origami/ros2_ws/install/ur_description/share/ur_description/config/ur5/joint_limits.yaml
[0.624s] -- Up-to-date symlink: /home/shishir/origami/ros2_ws/install/ur_description/share/ur_description/config/ur5/physical_parameters.yaml
[0.625s] -- Up-to-date symlink: /home/shishir/origami/ros2_ws/install/ur_description/share/ur_description/config/ur5/visual_parameters.yaml
[0.625s] -- Up-to-date symlink: /home/shishir/origami/ros2_ws/install/ur_description/share/ur_description/config/ur5e/default_kinematics.yaml
[0.626s] -- Up-to-date symlink: /home/shishir/origami/ros2_ws/install/ur_description/share/ur_description/config/ur5e/joint_limits.yaml
[0.627s] -- Up-to-date symlink: /home/shishir/origami/ros2_ws/install/ur_description/share/ur_description/config/ur5e/physical_parameters.yaml
[0.632s] -- Up-to-date symlink: /home/shishir/origami/ros2_ws/install/ur_description/share/ur_description/config/ur5e/visual_parameters.yaml
[0.637s] -- Up-to-date symlink: /home/shishir/origami/ros2_ws/install/ur_description/share/ur_description/config/ur7e/default_kinematics.yaml
[0.640s] -- Up-to-date symlink: /home/shishir/origami/ros2_ws/install/ur_description/share/ur_description/config/ur7e/joint_limits.yaml
[0.641s] -- Up-to-date symlink: /home/shishir/origami/ros2_ws/install/ur_description/share/ur_description/config/ur7e/physical_parameters.yaml
[0.641s] -- Up-to-date symlink: /home/shishir/origami/ros2_ws/install/ur_description/share/ur_description/config/ur7e/visual_parameters.yaml
[0.641s] -- Up-to-date symlink: /home/shishir/origami/ros2_ws/install/ur_description/share/ur_description/config/ur8long/default_kinematics.yaml
[0.641s] -- Up-to-date symlink: /home/shishir/origami/ros2_ws/install/ur_description/share/ur_description/config/ur8long/joint_limits.yaml
[0.641s] -- Up-to-date symlink: /home/shishir/origami/ros2_ws/install/ur_description/share/ur_description/config/ur8long/physical_parameters.yaml
[0.642s] -- Up-to-date symlink: /home/shishir/origami/ros2_ws/install/ur_description/share/ur_description/config/ur8long/visual_parameters.yaml
[0.646s] -- Up-to-date symlink: /home/shishir/origami/ros2_ws/install/ur_description/share/ur_description/launch/view_ur.launch.py
[0.689s] -- Up-to-date symlink: /home/shishir/origami/ros2_ws/install/ur_description/share/ur_description/meshes/ur10/collision/base.stl
[0.697s] -- Up-to-date symlink: /home/shishir/origami/ros2_ws/install/ur_description/share/ur_description/meshes/ur10/collision/forearm.stl
[0.698s] -- Up-to-date symlink: /home/shishir/origami/ros2_ws/install/ur_description/share/ur_description/meshes/ur10/collision/shoulder.stl
[0.698s] -- Up-to-date symlink: /home/shishir/origami/ros2_ws/install/ur_description/share/ur_description/meshes/ur10/collision/upperarm.stl
[0.699s] -- Up-to-date symlink: /home/shishir/origami/ros2_ws/install/ur_description/share/ur_description/meshes/ur10/collision/wrist1.stl
[0.703s] -- Up-to-date symlink: /home/shishir/origami/ros2_ws/install/ur_description/share/ur_description/meshes/ur10/collision/wrist2.stl
[0.703s] -- Up-to-date symlink: /home/shishir/origami/ros2_ws/install/ur_description/share/ur_description/meshes/ur10/collision/wrist3.stl
[0.703s] -- Up-to-date symlink: /home/shishir/origami/ros2_ws/install/ur_description/share/ur_description/meshes/ur10/visual/base.dae
[0.704s] -- Up-to-date symlink: /home/shishir/origami/ros2_ws/install/ur_description/share/ur_description/meshes/ur10/visual/forearm.dae
[0.704s] -- Up-to-date symlink: /home/shishir/origami/ros2_ws/install/ur_description/share/ur_description/meshes/ur10/visual/shoulder.dae
[0.704s] -- Up-to-date symlink: /home/shishir/origami/ros2_ws/install/ur_description/share/ur_description/meshes/ur10/visual/upperarm.dae
[0.704s] -- Up-to-date symlink: /home/shishir/origami/ros2_ws/install/ur_description/share/ur_description/meshes/ur10/visual/wrist1.dae
[0.710s] -- Up-to-date symlink: /home/shishir/origami/ros2_ws/install/ur_description/share/ur_description/meshes/ur10/visual/wrist2.dae
[0.714s] -- Up-to-date symlink: /home/shishir/origami/ros2_ws/install/ur_description/share/ur_description/meshes/ur10/visual/wrist3.dae
[0.715s] -- Up-to-date symlink: /home/shishir/origami/ros2_ws/install/ur_description/share/ur_description/meshes/ur10e/collision/base.stl
[0.716s] -- Up-to-date symlink: /home/shishir/origami/ros2_ws/install/ur_description/share/ur_description/meshes/ur10e/collision/forearm.stl
[0.717s] -- Up-to-date symlink: /home/shishir/origami/ros2_ws/install/ur_description/share/ur_description/meshes/ur10e/collision/shoulder.stl
[0.717s] -- Up-to-date symlink: /home/shishir/origami/ros2_ws/install/ur_description/share/ur_description/meshes/ur10e/collision/upperarm.stl
[0.719s] -- Up-to-date symlink: /home/shishir/origami/ros2_ws/install/ur_description/share/ur_description/meshes/ur10e/collision/wrist1.stl
[0.720s] -- Up-to-date symlink: /home/shishir/origami/ros2_ws/install/ur_description/share/ur_description/meshes/ur10e/collision/wrist2.stl
[0.722s] -- Up-to-date symlink: /home/shishir/origami/ros2_ws/install/ur_description/share/ur_description/meshes/ur10e/collision/wrist3.stl
[0.725s] -- Up-to-date symlink: /home/shishir/origami/ros2_ws/install/ur_description/share/ur_description/meshes/ur10e/visual/base.dae
[0.725s] -- Up-to-date symlink: /home/shishir/origami/ros2_ws/install/ur_description/share/ur_description/meshes/ur10e/visual/forearm.dae
[0.726s] -- Up-to-date symlink: /home/shishir/origami/ros2_ws/install/ur_description/share/ur_description/meshes/ur10e/visual/shoulder.dae
[0.729s] -- Up-to-date symlink: /home/shishir/origami/ros2_ws/install/ur_description/share/ur_description/meshes/ur10e/visual/upperarm.dae
[0.729s] -- Up-to-date symlink: /home/shishir/origami/ros2_ws/install/ur_description/share/ur_description/meshes/ur10e/visual/wrist1.dae
[0.730s] -- Up-to-date symlink: /home/shishir/origami/ros2_ws/install/ur_description/share/ur_description/meshes/ur10e/visual/wrist2.dae
[0.734s] -- Up-to-date symlink: /home/shishir/origami/ros2_ws/install/ur_description/share/ur_description/meshes/ur10e/visual/wrist3.dae
[0.743s] -- Up-to-date symlink: /home/shishir/origami/ros2_ws/install/ur_description/share/ur_description/meshes/ur15/LICENSE.txt
[0.744s] -- Up-to-date symlink: /home/shishir/origami/ros2_ws/install/ur_description/share/ur_description/meshes/ur15/collision/base.stl
[0.756s] -- Up-to-date symlink: /home/shishir/origami/ros2_ws/install/ur_description/share/ur_description/meshes/ur15/collision/forearm.stl
[0.756s] -- Up-to-date symlink: /home/shishir/origami/ros2_ws/install/ur_description/share/ur_description/meshes/ur15/collision/shoulder.stl
[0.771s] -- Up-to-date symlink: /home/shishir/origami/ros2_ws/install/ur_description/share/ur_description/meshes/ur15/collision/upperarm.stl
[0.772s] -- Up-to-date symlink: /home/shishir/origami/ros2_ws/install/ur_description/share/ur_description/meshes/ur15/collision/wrist1.stl
[0.772s] -- Up-to-date symlink: /home/shishir/origami/ros2_ws/install/ur_description/share/ur_description/meshes/ur15/collision/wrist2.stl
[0.772s] -- Up-to-date symlink: /home/shishir/origami/ros2_ws/install/ur_description/share/ur_description/meshes/ur15/collision/wrist3.stl
[0.772s] -- Up-to-date symlink: /home/shishir/origami/ros2_ws/install/ur_description/share/ur_description/meshes/ur15/visual/UR15_DIFF_8bit_2K.jpg
[0.773s] -- Up-to-date symlink: /home/shishir/origami/ros2_ws/install/ur_description/share/ur_description/meshes/ur15/visual/base.dae
[0.779s] -- Up-to-date symlink: /home/shishir/origami/ros2_ws/install/ur_description/share/ur_description/meshes/ur15/visual/forearm.dae
[0.780s] -- Up-to-date symlink: /home/shishir/origami/ros2_ws/install/ur_description/share/ur_description/meshes/ur15/visual/shoulder.dae
[0.781s] -- Up-to-date symlink: /home/shishir/origami/ros2_ws/install/ur_description/share/ur_description/meshes/ur15/visual/upperarm.dae
[0.784s] -- Up-to-date symlink: /home/shishir/origami/ros2_ws/install/ur_description/share/ur_description/meshes/ur15/visual/wrist1.dae
[0.785s] -- Up-to-date symlink: /home/shishir/origami/ros2_ws/install/ur_description/share/ur_description/meshes/ur15/visual/wrist2.dae
[0.786s] -- Up-to-date symlink: /home/shishir/origami/ros2_ws/install/ur_description/share/ur_description/meshes/ur15/visual/wrist3.dae
[0.791s] -- Up-to-date symlink: /home/shishir/origami/ros2_ws/install/ur_description/share/ur_description/meshes/ur16e/collision/forearm.stl
[0.792s] -- Up-to-date symlink: /home/shishir/origami/ros2_ws/install/ur_description/share/ur_description/meshes/ur16e/collision/upperarm.stl
[0.793s] -- Up-to-date symlink: /home/shishir/origami/ros2_ws/install/ur_description/share/ur_description/meshes/ur16e/visual/forearm.dae
[0.794s] -- Up-to-date symlink: /home/shishir/origami/ros2_ws/install/ur_description/share/ur_description/meshes/ur16e/visual/upperarm.dae
[0.800s] -- Up-to-date symlink: /home/shishir/origami/ros2_ws/install/ur_description/share/ur_description/meshes/ur18/LICENSE.txt
[0.809s] -- Up-to-date symlink: /home/shishir/origami/ros2_ws/install/ur_description/share/ur_description/meshes/ur18/collision/forearm.stl
[0.826s] -- Up-to-date symlink: /home/shishir/origami/ros2_ws/install/ur_description/share/ur_description/meshes/ur18/collision/upperarm.stl
[0.826s] -- Up-to-date symlink: /home/shishir/origami/ros2_ws/install/ur_description/share/ur_description/meshes/ur18/visual/UR18_DIFF_8bit_2K.jpg
[0.826s] -- Up-to-date symlink: /home/shishir/origami/ros2_ws/install/ur_description/share/ur_description/meshes/ur18/visual/forearm.dae
[0.826s] -- Up-to-date symlink: /home/shishir/origami/ros2_ws/install/ur_description/share/ur_description/meshes/ur18/visual/upperarm.dae
[0.826s] -- Up-to-date symlink: /home/shishir/origami/ros2_ws/install/ur_description/share/ur_description/meshes/ur20/LICENSE.txt
[0.827s] -- Up-to-date symlink: /home/shishir/origami/ros2_ws/install/ur_description/share/ur_description/meshes/ur20/collision/base.stl
[0.827s] -- Up-to-date symlink: /home/shishir/origami/ros2_ws/install/ur_description/share/ur_description/meshes/ur20/collision/forearm.stl
[0.831s] -- Up-to-date symlink: /home/shishir/origami/ros2_ws/install/ur_description/share/ur_description/meshes/ur20/collision/shoulder.stl
[0.832s] -- Up-to-date symlink: /home/shishir/origami/ros2_ws/install/ur_description/share/ur_description/meshes/ur20/collision/upperarm.stl
[0.833s] -- Up-to-date symlink: /home/shishir/origami/ros2_ws/install/ur_description/share/ur_description/meshes/ur20/collision/wrist1.stl
[0.833s] -- Up-to-date symlink: /home/shishir/origami/ros2_ws/install/ur_description/share/ur_description/meshes/ur20/collision/wrist2.stl
[0.835s] -- Up-to-date symlink: /home/shishir/origami/ros2_ws/install/ur_description/share/ur_description/meshes/ur20/collision/wrist3.stl
[0.841s] -- Up-to-date symlink: /home/shishir/origami/ros2_ws/install/ur_description/share/ur_description/meshes/ur20/visual/UR20_DIFF_8bit_2K.png
[0.842s] -- Up-to-date symlink: /home/shishir/origami/ros2_ws/install/ur_description/share/ur_description/meshes/ur20/visual/base.dae
[0.854s] -- Up-to-date symlink: /home/shishir/origami/ros2_ws/install/ur_description/share/ur_description/meshes/ur20/visual/forearm.dae
[0.860s] -- Up-to-date symlink: /home/shishir/origami/ros2_ws/install/ur_description/share/ur_description/meshes/ur20/visual/shoulder.dae
[0.861s] -- Up-to-date symlink: /home/shishir/origami/ros2_ws/install/ur_description/share/ur_description/meshes/ur20/visual/upperarm.dae
[0.861s] -- Up-to-date symlink: /home/shishir/origami/ros2_ws/install/ur_description/share/ur_description/meshes/ur20/visual/wrist1.dae
[0.862s] -- Up-to-date symlink: /home/shishir/origami/ros2_ws/install/ur_description/share/ur_description/meshes/ur20/visual/wrist2.dae
[0.862s] -- Up-to-date symlink: /home/shishir/origami/ros2_ws/install/ur_description/share/ur_description/meshes/ur20/visual/wrist3.dae
[0.863s] -- Up-to-date symlink: /home/shishir/origami/ros2_ws/install/ur_description/share/ur_description/meshes/ur3/collision/base.stl
[0.864s] -- Up-to-date symlink: /home/shishir/origami/ros2_ws/install/ur_description/share/ur_description/meshes/ur3/collision/forearm.stl
[0.867s] -- Up-to-date symlink: /home/shishir/origami/ros2_ws/install/ur_description/share/ur_description/meshes/ur3/collision/shoulder.stl
[0.871s] -- Up-to-date symlink: /home/shishir/origami/ros2_ws/install/ur_description/share/ur_description/meshes/ur3/collision/upperarm.stl
[0.871s] -- Up-to-date symlink: /home/shishir/origami/ros2_ws/install/ur_description/share/ur_description/meshes/ur3/collision/wrist1.stl
[0.872s] -- Up-to-date symlink: /home/shishir/origami/ros2_ws/install/ur_description/share/ur_description/meshes/ur3/collision/wrist2.stl
[0.879s] -- Up-to-date symlink: /home/shishir/origami/ros2_ws/install/ur_description/share/ur_description/meshes/ur3/collision/wrist3.stl
[0.881s] -- Up-to-date symlink: /home/shishir/origami/ros2_ws/install/ur_description/share/ur_description/meshes/ur3/visual/base.dae
[0.882s] -- Up-to-date symlink: /home/shishir/origami/ros2_ws/install/ur_description/share/ur_description/meshes/ur3/visual/forearm.dae
[0.882s] -- Up-to-date symlink: /home/shishir/origami/ros2_ws/install/ur_description/share/ur_description/meshes/ur3/visual/shoulder.dae
[0.884s] -- Up-to-date symlink: /home/shishir/origami/ros2_ws/install/ur_description/share/ur_description/meshes/ur3/visual/upperarm.dae
[0.886s] -- Up-to-date symlink: /home/shishir/origami/ros2_ws/install/ur_description/share/ur_description/meshes/ur3/visual/wrist1.dae
[0.887s] -- Up-to-date symlink: /home/shishir/origami/ros2_ws/install/ur_description/share/ur_description/meshes/ur3/visual/wrist2.dae
[0.888s] -- Up-to-date symlink: /home/shishir/origami/ros2_ws/install/ur_description/share/ur_description/meshes/ur3/visual/wrist3.dae
[0.890s] -- Up-to-date symlink: /home/shishir/origami/ros2_ws/install/ur_description/share/ur_description/meshes/ur30/LICENSE.txt
[0.893s] -- Up-to-date symlink: /home/shishir/origami/ros2_ws/install/ur_description/share/ur_description/meshes/ur30/collision/forearm.stl
[0.899s] -- Up-to-date symlink: /home/shishir/origami/ros2_ws/install/ur_description/share/ur_description/meshes/ur30/collision/upperarm.stl
[0.904s] -- Up-to-date symlink: /home/shishir/origami/ros2_ws/install/ur_description/share/ur_description/meshes/ur30/visual/UR30_DIFF_8bit_2K.png
[0.904s] -- Up-to-date symlink: /home/shishir/origami/ros2_ws/install/ur_description/share/ur_description/meshes/ur30/visual/forearm.dae
[0.907s] -- Up-to-date symlink: /home/shishir/origami/ros2_ws/install/ur_description/share/ur_description/meshes/ur30/visual/upperarm.dae
[0.909s] -- Up-to-date symlink: /home/shishir/origami/ros2_ws/install/ur_description/share/ur_description/meshes/ur3e/collision/base.stl
[0.910s] -- Up-to-date symlink: /home/shishir/origami/ros2_ws/install/ur_description/share/ur_description/meshes/ur3e/collision/forearm.stl
[0.913s] -- Up-to-date symlink: /home/shishir/origami/ros2_ws/install/ur_description/share/ur_description/meshes/ur3e/collision/shoulder.stl
[0.918s] -- Up-to-date symlink: /home/shishir/origami/ros2_ws/install/ur_description/share/ur_description/meshes/ur3e/collision/upperarm.stl
[0.918s] -- Up-to-date symlink: /home/shishir/origami/ros2_ws/install/ur_description/share/ur_description/meshes/ur3e/collision/wrist1.stl
[0.923s] -- Up-to-date symlink: /home/shishir/origami/ros2_ws/install/ur_description/share/ur_description/meshes/ur3e/collision/wrist2.stl
[0.929s] -- Up-to-date symlink: /home/shishir/origami/ros2_ws/install/ur_description/share/ur_description/meshes/ur3e/collision/wrist3.stl
[0.930s] -- Up-to-date symlink: /home/shishir/origami/ros2_ws/install/ur_description/share/ur_description/meshes/ur3e/visual/base.dae
[0.936s] -- Up-to-date symlink: /home/shishir/origami/ros2_ws/install/ur_description/share/ur_description/meshes/ur3e/visual/forearm.dae
[0.937s] -- Up-to-date symlink: /home/shishir/origami/ros2_ws/install/ur_description/share/ur_description/meshes/ur3e/visual/shoulder.dae
[0.937s] -- Up-to-date symlink: /home/shishir/origami/ros2_ws/install/ur_description/share/ur_description/meshes/ur3e/visual/upperarm.dae
[0.938s] -- Up-to-date symlink: /home/shishir/origami/ros2_ws/install/ur_description/share/ur_description/meshes/ur3e/visual/wrist1.dae
[0.939s] -- Up-to-date symlink: /home/shishir/origami/ros2_ws/install/ur_description/share/ur_description/meshes/ur3e/visual/wrist2.dae
[0.939s] -- Up-to-date symlink: /home/shishir/origami/ros2_ws/install/ur_description/share/ur_description/meshes/ur3e/visual/wrist3.dae
[0.939s] -- Up-to-date symlink: /home/shishir/origami/ros2_ws/install/ur_description/share/ur_description/meshes/ur5/collision/base.stl
[0.940s] -- Up-to-date symlink: /home/shishir/origami/ros2_ws/install/ur_description/share/ur_description/meshes/ur5/collision/forearm.stl
[0.949s] -- Up-to-date symlink: /home/shishir/origami/ros2_ws/install/ur_description/share/ur_description/meshes/ur5/collision/shoulder.stl
[0.952s] -- Up-to-date symlink: /home/shishir/origami/ros2_ws/install/ur_description/share/ur_description/meshes/ur5/collision/upperarm.stl
[0.952s] -- Up-to-date symlink: /home/shishir/origami/ros2_ws/install/ur_description/share/ur_description/meshes/ur5/collision/wrist1.stl
[0.953s] -- Up-to-date symlink: /home/shishir/origami/ros2_ws/install/ur_description/share/ur_description/meshes/ur5/collision/wrist2.stl
[0.953s] -- Up-to-date symlink: /home/shishir/origami/ros2_ws/install/ur_description/share/ur_description/meshes/ur5/collision/wrist3.stl
[0.953s] -- Up-to-date symlink: /home/shishir/origami/ros2_ws/install/ur_description/share/ur_description/meshes/ur5/visual/base.dae
[0.953s] -- Up-to-date symlink: /home/shishir/origami/ros2_ws/install/ur_description/share/ur_description/meshes/ur5/visual/forearm.dae
[0.954s] -- Up-to-date symlink: /home/shishir/origami/ros2_ws/install/ur_description/share/ur_description/meshes/ur5/visual/shoulder.dae
[0.954s] -- Up-to-date symlink: /home/shishir/origami/ros2_ws/install/ur_description/share/ur_description/meshes/ur5/visual/upperarm.dae
[0.957s] -- Up-to-date symlink: /home/shishir/origami/ros2_ws/install/ur_description/share/ur_description/meshes/ur5/visual/wrist1.dae
[0.958s] -- Up-to-date symlink: /home/shishir/origami/ros2_ws/install/ur_description/share/ur_description/meshes/ur5/visual/wrist2.dae
[0.959s] -- Up-to-date symlink: /home/shishir/origami/ros2_ws/install/ur_description/share/ur_description/meshes/ur5/visual/wrist3.dae
[0.963s] -- Up-to-date symlink: /home/shishir/origami/ros2_ws/install/ur_description/share/ur_description/meshes/ur5e/collision/base.stl
[0.969s] -- Up-to-date symlink: /home/shishir/origami/ros2_ws/install/ur_description/share/ur_description/meshes/ur5e/collision/forearm.stl
[0.970s] -- Up-to-date symlink: /home/shishir/origami/ros2_ws/install/ur_description/share/ur_description/meshes/ur5e/collision/shoulder.stl
[0.970s] -- Up-to-date symlink: /home/shishir/origami/ros2_ws/install/ur_description/share/ur_description/meshes/ur5e/collision/upperarm.stl
[0.971s] -- Up-to-date symlink: /home/shishir/origami/ros2_ws/install/ur_description/share/ur_description/meshes/ur5e/collision/wrist1.stl
[0.972s] -- Up-to-date symlink: /home/shishir/origami/ros2_ws/install/ur_description/share/ur_description/meshes/ur5e/collision/wrist2.stl
[0.973s] -- Up-to-date symlink: /home/shishir/origami/ros2_ws/install/ur_description/share/ur_description/meshes/ur5e/collision/wrist3.stl
[0.973s] -- Up-to-date symlink: /home/shishir/origami/ros2_ws/install/ur_description/share/ur_description/meshes/ur5e/visual/base.dae
[0.973s] -- Up-to-date symlink: /home/shishir/origami/ros2_ws/install/ur_description/share/ur_description/meshes/ur5e/visual/forearm.dae
[0.973s] -- Up-to-date symlink: /home/shishir/origami/ros2_ws/install/ur_description/share/ur_description/meshes/ur5e/visual/shoulder.dae
[0.973s] -- Up-to-date symlink: /home/shishir/origami/ros2_ws/install/ur_description/share/ur_description/meshes/ur5e/visual/upperarm.dae
[0.973s] -- Up-to-date symlink: /home/shishir/origami/ros2_ws/install/ur_description/share/ur_description/meshes/ur5e/visual/wrist1.dae
[0.985s] -- Up-to-date symlink: /home/shishir/origami/ros2_ws/install/ur_description/share/ur_description/meshes/ur5e/visual/wrist2.dae
[0.985s] -- Up-to-date symlink: /home/shishir/origami/ros2_ws/install/ur_description/share/ur_description/meshes/ur5e/visual/wrist3.dae
[0.986s] -- Up-to-date symlink: /home/shishir/origami/ros2_ws/install/ur_description/share/ur_description/meshes/ur8long/LICENSE.txt
[0.986s] -- Up-to-date symlink: /home/shishir/origami/ros2_ws/install/ur_description/share/ur_description/meshes/ur8long/collision/forearm.stl
[0.987s] -- Up-to-date symlink: /home/shishir/origami/ros2_ws/install/ur_description/share/ur_description/meshes/ur8long/collision/upperarm.stl
[0.987s] -- Up-to-date symlink: /home/shishir/origami/ros2_ws/install/ur_description/share/ur_description/meshes/ur8long/visual/UR8Long_DIFF_8bit_2K.jpg
[0.990s] -- Up-to-date symlink: /home/shishir/origami/ros2_ws/install/ur_description/share/ur_description/meshes/ur8long/visual/forearm.dae
[0.990s] -- Up-to-date symlink: /home/shishir/origami/ros2_ws/install/ur_description/share/ur_description/meshes/ur8long/visual/upperarm.dae
[0.995s] -- Up-to-date symlink: /home/shishir/origami/ros2_ws/install/ur_description/share/ur_description/rviz/view_robot.rviz
[1.002s] -- Up-to-date symlink: /home/shishir/origami/ros2_ws/install/ur_description/share/ur_description/urdf/inc/ur_common.xacro
[1.004s] -- Up-to-date symlink: /home/shishir/origami/ros2_ws/install/ur_description/share/ur_description/urdf/inc/ur_transmissions.xacro
[1.009s] -- Up-to-date symlink: /home/shishir/origami/ros2_ws/install/ur_description/share/ur_description/urdf/multi_ur5.urdf.xacro
[1.010s] -- Up-to-date symlink: /home/shishir/origami/ros2_ws/install/ur_description/share/ur_description/urdf/ur.ros2_control.xacro
[1.012s] -- Up-to-date symlink: /home/shishir/origami/ros2_ws/install/ur_description/share/ur_description/urdf/ur.urdf.xacro
[1.016s] -- Up-to-date symlink: /home/shishir/origami/ros2_ws/install/ur_description/share/ur_description/urdf/ur_macro.xacro
[1.018s] -- Up-to-date symlink: /home/shishir/origami/ros2_ws/install/ur_description/share/ur_description/test/test_ur_urdf_xacro.py
[1.019s] -- Up-to-date symlink: /home/shishir/origami/ros2_ws/install/ur_description/share/ur_description/test/test_view_ur_launch.py
[1.025s] -- Up-to-date symlink: /home/shishir/origami/ros2_ws/install/ur_description/share/ament_index/resource_index/package_run_dependencies/ur_description
[1.031s] -- Up-to-date symlink: /home/shishir/origami/ros2_ws/install/ur_description/share/ament_index/resource_index/parent_prefix_path/ur_description
[1.033s] -- Up-to-date symlink: /home/shishir/origami/ros2_ws/install/ur_description/share/ur_description/environment/ament_prefix_path.sh
[1.036s] -- Up-to-date symlink: /home/shishir/origami/ros2_ws/install/ur_description/share/ur_description/environment/ament_prefix_path.dsv
[1.036s] -- Up-to-date symlink: /home/shishir/origami/ros2_ws/install/ur_description/share/ur_description/environment/path.sh
[1.037s] -- Up-to-date symlink: /home/shishir/origami/ros2_ws/install/ur_description/share/ur_description/environment/path.dsv
[1.037s] -- Up-to-date symlink: /home/shishir/origami/ros2_ws/install/ur_description/share/ur_description/local_setup.bash
[1.038s] -- Up-to-date symlink: /home/shishir/origami/ros2_ws/install/ur_description/share/ur_description/local_setup.sh
[1.042s] -- Up-to-date symlink: /home/shishir/origami/ros2_ws/install/ur_description/share/ur_description/local_setup.zsh
[1.044s] -- Up-to-date symlink: /home/shishir/origami/ros2_ws/install/ur_description/share/ur_description/local_setup.dsv
[1.048s] -- Symlinking: /home/shishir/origami/ros2_ws/install/ur_description/share/ur_description/package.dsv
[1.114s] -- Up-to-date symlink: /home/shishir/origami/ros2_ws/install/ur_description/share/ament_index/resource_index/packages/ur_description
[1.120s] -- Up-to-date symlink: /home/shishir/origami/ros2_ws/install/ur_description/share/ur_description/cmake/ur_descriptionConfig.cmake
[1.121s] -- Up-to-date symlink: /home/shishir/origami/ros2_ws/install/ur_description/share/ur_description/cmake/ur_descriptionConfig-version.cmake
[1.122s] -- Up-to-date symlink: /home/shishir/origami/ros2_ws/install/ur_description/share/ur_description/package.xml
[1.133s] Invoked command in '/home/shishir/origami/ros2_ws/build/ur_description' returned '0': CMAKE_PREFIX_PATH=/home/shishir/origami_ws/install/origami_ros:/opt/ros/humble /usr/bin/cmake --install /home/shishir/origami/ros2_ws/build/ur_description
